../Core/Src/main.c:111:5:main	7
../Core/Src/main.c:265:6:SystemClock_Config	4
../Core/Src/main.c:319:13:MX_ADC1_Init	6
../Core/Src/main.c:395:13:MX_I2C1_Init	2
../Core/Src/main.c:429:13:MX_SPI1_Init	2
../Core/Src/main.c:467:13:MX_TIM1_Init	6
../Core/Src/main.c:536:13:MX_TIM2_Init	4
../Core/Src/main.c:584:13:MX_USART2_UART_Init	2
../Core/Src/main.c:617:13:MX_USART3_UART_Init	2
../Core/Src/main.c:650:13:MX_USART6_UART_Init	2
../Core/Src/main.c:681:13:MX_DMA_Init	1
../Core/Src/main.c:718:13:MX_GPIO_Init	1
../Core/Src/main.c:766:6:StartDefaultTask	1
../Core/Src/main.c:777:6:Error_Handler	1
