../Core/Src/main.c:111:5:main	64	static,ignoring_inline_asm
../Core/Src/main.c:265:6:SystemClock_Config	88	static
../Core/Src/main.c:319:13:MX_ADC1_Init	24	static
../Core/Src/main.c:395:13:MX_I2C1_Init	8	static
../Core/Src/main.c:429:13:MX_SPI1_Init	8	static
../Core/Src/main.c:467:13:MX_TIM1_Init	80	static
../Core/Src/main.c:536:13:MX_TIM2_Init	32	static
../Core/Src/main.c:584:13:MX_USART2_UART_Init	8	static
../Core/Src/main.c:617:13:MX_USART3_UART_Init	8	static
../Core/Src/main.c:650:13:MX_USART6_UART_Init	8	static
../Core/Src/main.c:681:13:MX_DMA_Init	16	static
../Core/Src/main.c:718:13:MX_GPIO_Init	48	static
../Core/Src/main.c:766:6:StartDefaultTask	16	static
../Core/Src/main.c:777:6:Error_Handler	4	static,ignoring_inline_asm
