Archive member included to satisfy reference by file (symbol)

/home/ignotus/st/stm32cubeide_1.19.0/plugins/com.st.stm32cube.ide.mcu.externaltools.gnu-tools-for-stm32.13.3.rel1.linux64_1.0.0.202410170706/tools/bin/../lib/gcc/arm-none-eabi/13.3.1/../../../../arm-none-eabi/lib/thumb/v7e-m+fp/hard/libc_nano.a(libc_a-atoi.o)
                              ./Core/Src/tasks/task_gps.o (atoi)
/home/ignotus/st/stm32cubeide_1.19.0/plugins/com.st.stm32cube.ide.mcu.externaltools.gnu-tools-for-stm32.13.3.rel1.linux64_1.0.0.202410170706/tools/bin/../lib/gcc/arm-none-eabi/13.3.1/../../../../arm-none-eabi/lib/thumb/v7e-m+fp/hard/libc_nano.a(libc_a-exit.o)
                              /home/ignotus/st/stm32cubeide_1.19.0/plugins/com.st.stm32cube.ide.mcu.externaltools.gnu-tools-for-stm32.13.3.rel1.linux64_1.0.0.202410170706/tools/bin/../lib/gcc/arm-none-eabi/13.3.1/../../../../arm-none-eabi/lib/thumb/v7e-m+fp/hard/crt0.o (exit)
/home/ignotus/st/stm32cubeide_1.19.0/plugins/com.st.stm32cube.ide.mcu.externaltools.gnu-tools-for-stm32.13.3.rel1.linux64_1.0.0.202410170706/tools/bin/../lib/gcc/arm-none-eabi/13.3.1/../../../../arm-none-eabi/lib/thumb/v7e-m+fp/hard/libc_nano.a(libc_a-strtod.o)
                              ./Core/Src/drivers/gps_nmea.o (strtof)
/home/ignotus/st/stm32cubeide_1.19.0/plugins/com.st.stm32cube.ide.mcu.externaltools.gnu-tools-for-stm32.13.3.rel1.linux64_1.0.0.202410170706/tools/bin/../lib/gcc/arm-none-eabi/13.3.1/../../../../arm-none-eabi/lib/thumb/v7e-m+fp/hard/libc_nano.a(libc_a-strtol.o)
                              /home/ignotus/st/stm32cubeide_1.19.0/plugins/com.st.stm32cube.ide.mcu.externaltools.gnu-tools-for-stm32.13.3.rel1.linux64_1.0.0.202410170706/tools/bin/../lib/gcc/arm-none-eabi/13.3.1/../../../../arm-none-eabi/lib/thumb/v7e-m+fp/hard/libc_nano.a(libc_a-atoi.o) (_strtol_r)
/home/ignotus/st/stm32cubeide_1.19.0/plugins/com.st.stm32cube.ide.mcu.externaltools.gnu-tools-for-stm32.13.3.rel1.linux64_1.0.0.202410170706/tools/bin/../lib/gcc/arm-none-eabi/13.3.1/../../../../arm-none-eabi/lib/thumb/v7e-m+fp/hard/libc_nano.a(libc_a-ctype_.o)
                              /home/ignotus/st/stm32cubeide_1.19.0/plugins/com.st.stm32cube.ide.mcu.externaltools.gnu-tools-for-stm32.13.3.rel1.linux64_1.0.0.202410170706/tools/bin/../lib/gcc/arm-none-eabi/13.3.1/../../../../arm-none-eabi/lib/thumb/v7e-m+fp/hard/libc_nano.a(libc_a-strtol.o) (_ctype_)
/home/ignotus/st/stm32cubeide_1.19.0/plugins/com.st.stm32cube.ide.mcu.externaltools.gnu-tools-for-stm32.13.3.rel1.linux64_1.0.0.202410170706/tools/bin/../lib/gcc/arm-none-eabi/13.3.1/../../../../arm-none-eabi/lib/thumb/v7e-m+fp/hard/libc_nano.a(libc_a-nano-vfprintf_float.o)
                              (_printf_float)
/home/ignotus/st/stm32cubeide_1.19.0/plugins/com.st.stm32cube.ide.mcu.externaltools.gnu-tools-for-stm32.13.3.rel1.linux64_1.0.0.202410170706/tools/bin/../lib/gcc/arm-none-eabi/13.3.1/../../../../arm-none-eabi/lib/thumb/v7e-m+fp/hard/libc_nano.a(libc_a-nano-vfprintf_i.o)
                              /home/ignotus/st/stm32cubeide_1.19.0/plugins/com.st.stm32cube.ide.mcu.externaltools.gnu-tools-for-stm32.13.3.rel1.linux64_1.0.0.202410170706/tools/bin/../lib/gcc/arm-none-eabi/13.3.1/../../../../arm-none-eabi/lib/thumb/v7e-m+fp/hard/libc_nano.a(libc_a-nano-vfprintf_float.o) (_printf_common)
/home/ignotus/st/stm32cubeide_1.19.0/plugins/com.st.stm32cube.ide.mcu.externaltools.gnu-tools-for-stm32.13.3.rel1.linux64_1.0.0.202410170706/tools/bin/../lib/gcc/arm-none-eabi/13.3.1/../../../../arm-none-eabi/lib/thumb/v7e-m+fp/hard/libc_nano.a(libc_a-findfp.o)
                              /home/ignotus/st/stm32cubeide_1.19.0/plugins/com.st.stm32cube.ide.mcu.externaltools.gnu-tools-for-stm32.13.3.rel1.linux64_1.0.0.202410170706/tools/bin/../lib/gcc/arm-none-eabi/13.3.1/../../../../arm-none-eabi/lib/thumb/v7e-m+fp/hard/libc_nano.a(libc_a-exit.o) (__stdio_exit_handler)
/home/ignotus/st/stm32cubeide_1.19.0/plugins/com.st.stm32cube.ide.mcu.externaltools.gnu-tools-for-stm32.13.3.rel1.linux64_1.0.0.202410170706/tools/bin/../lib/gcc/arm-none-eabi/13.3.1/../../../../arm-none-eabi/lib/thumb/v7e-m+fp/hard/libc_nano.a(libc_a-fwalk.o)
                              /home/ignotus/st/stm32cubeide_1.19.0/plugins/com.st.stm32cube.ide.mcu.externaltools.gnu-tools-for-stm32.13.3.rel1.linux64_1.0.0.202410170706/tools/bin/../lib/gcc/arm-none-eabi/13.3.1/../../../../arm-none-eabi/lib/thumb/v7e-m+fp/hard/libc_nano.a(libc_a-findfp.o) (_fwalk_sglue)
/home/ignotus/st/stm32cubeide_1.19.0/plugins/com.st.stm32cube.ide.mcu.externaltools.gnu-tools-for-stm32.13.3.rel1.linux64_1.0.0.202410170706/tools/bin/../lib/gcc/arm-none-eabi/13.3.1/../../../../arm-none-eabi/lib/thumb/v7e-m+fp/hard/libc_nano.a(libc_a-snprintf.o)
                              ./Core/Src/tasks/task_sdlog.o (snprintf)
[...]
Memory Configuration

Name             Origin             Length             Attributes
RAM              0x20000000         0x00020000         xrw
FLASH            0x08000000         0x00080000         xr
*default*        0x00000000         0xffffffff

Linker script and memory map

LOAD /home/ignotus/st/stm32cubeide_1.19.0/plugins/com.st.stm32cube.ide.mcu.externaltools.gnu-tools-for-stm32.13.3.rel1.linux64_1.0.0.202410170706/tools/bin/../lib/gcc/arm-none-eabi/13.3.1/thumb/v7e-m+fp/hard/crti.o
LOAD /home/ignotus/st/stm32cubeide_1.19.0/plugins/com.st.stm32cube.ide.mcu.externaltools.gnu-tools-for-stm32.13.3.rel1.linux64_1.0.0.202410170706/tools/bin/../lib/gcc/arm-none-eabi/13.3.1/thumb/v7e-m+fp/hard/crtbegin.o
LOAD /home/ignotus/st/stm32cubeide_1.19.0/plugins/com.st.stm32cube.ide.mcu.externaltools.gnu-tools-for-stm32.13.3.rel1.linux64_1.0.0.202410170706/tools/bin/../lib/gcc/arm-none-eabi/13.3.1/../../../../arm-none-eabi/lib/thumb/v7e-m+fp/hard/crt0.o
LOAD ./Core/Src/drivers/compass.o
LOAD ./Core/Src/drivers/dht11.o
LOAD ./Core/Src/drivers/gps_nmea.o
LOAD ./Core/Src/freertos.o
LOAD ./Core/Src/main.o
LOAD ./Core/Src/stm32f4xx_hal_msp.o
LOAD ./Core/Src/stm32f4xx_it.o
LOAD ./Core/Src/syscalls.o
LOAD ./Core/Src/sysmem.o
LOAD ./Core/Src/system_stm32f4xx.o
LOAD ./Core/Src/tasks/task_compass.o
LOAD ./Core/Src/tasks/task_debug.o
LOAD ./Core/Src/tasks/task_flysky.o
LOAD ./Core/Src/tasks/task_gps.o
LOAD ./Core/Src/tasks/task_motor.o
LOAD ./Core/Src/tasks/task_rpi.o
LOAD ./Core/Src/tasks/task_sdlog.o
LOAD ./Core/Src/tasks/task_sensors.o
LOAD ./Core/Startup/startup_stm32f446retx.o
LOAD ./Drivers/STM32F4xx_HAL_Driver/Src/stm32f4xx_hal.o
LOAD ./Drivers/STM32F4xx_HAL_Driver/Src/stm32f4xx_hal_adc.o
LOAD ./Drivers/STM32F4xx_HAL_Driver/Src/stm32f4xx_hal_adc_ex.o
LOAD ./Drivers/STM32F4xx_HAL_Driver/Src/stm32f4xx_hal_cortex.o
LOAD ./Drivers/STM32F4xx_HAL_Driver/Src/stm32f4xx_hal_dma.o
LOAD ./Drivers/STM32F4xx_HAL_Driver/Src/stm32f4xx_hal_dma_ex.o
LOAD ./Drivers/STM32F4xx_HAL_Driver/Src/stm32f4xx_hal_exti.o
LOAD ./Drivers/STM32F4xx_HAL_Driver/Src/stm32f4xx_hal_flash.o
LOAD ./Drivers/STM32F4xx_HAL_Driver/Src/stm32f4xx_hal_flash_ex.o
LOAD ./Drivers/STM32F4xx_HAL_Driver/Src/stm32f4xx_hal_flash_ramfunc.o
LOAD ./Drivers/STM32F4xx_HAL_Driver/Src/stm32f4xx_hal_gpio.o
LOAD ./Drivers/STM32F4xx_HAL_Driver/Src/stm32f4xx_hal_i2c.o
LOAD ./Drivers/STM32F4xx_HAL_Driver/Src/stm32f4xx_hal_i2c_ex.o
LOAD ./Drivers/STM32F4xx_HAL_Driver/Src/stm32f4xx_hal_pwr.o
LOAD ./Drivers/STM32F4xx_HAL_Driver/Src/stm32f4xx_hal_pwr_ex.o
LOAD ./Drivers/STM32F4xx_HAL_Driver/Src/stm32f4xx_hal_rcc.o
LOAD ./Drivers/STM32F4xx_HAL_Driver/Src/stm32f4xx_hal_rcc_ex.o
LOAD ./Drivers/STM32F4xx_HAL_Driver/Src/stm32f4xx_hal_spi.o
LOAD ./Drivers/STM32F4xx_HAL_Driver/Src/stm32f4xx_hal_tim.o
LOAD ./Drivers/STM32F4xx_HAL_Driver/Src/stm32f4xx_hal_tim_ex.o
LOAD ./Drivers/STM32F4xx_HAL_Driver/Src/stm32f4xx_hal_uart.o
LOAD ./Drivers/STM32F4xx_HAL_Driver/Src/stm32f4xx_ll_adc.o
LOAD ./FATFS/App/fatfs.o
LOAD ./FATFS/Target/user_diskio.o
LOAD ./Middlewares/Third_Party/FatFs/src/diskio.o
LOAD ./Middlewares/Third_Party/FatFs/src/ff.o
LOAD ./Middlewares/Third_Party/FatFs/src/ff_gen_drv.o
LOAD ./Middlewares/Third_Party/FatFs/src/option/ccsbcs.o
LOAD ./Middlewares/Third_Party/FatFs/src/option/syscall.o
LOAD ./Middlewares/Third_Party/FreeRTOS/Source/CMSIS_RTOS_V2/cmsis_os2.o
LOAD ./Middlewares/Third_Party/FreeRTOS/Source/croutine.o
LOAD ./Middlewares/Third_Party/FreeRTOS/Source/event_groups.o
LOAD ./Middlewares/Third_Party/FreeRTOS/Source/list.o
LOAD ./Middlewares/Third_Party/FreeRTOS/Source/queue.o
LOAD ./Middlewares/Third_Party/FreeRTOS/Source/stream_buffer.o
LOAD ./Middlewares/Third_Party/FreeRTOS/Source/tasks.o
LOAD ./Middlewares/Third_Party/FreeRTOS/Source/timers.o
LOAD ./Middlewares/Third_Party/FreeRTOS/Source/portable/GCC/ARM_CM4F/port.o
LOAD ./Middlewares/Third_Party/FreeRTOS/Source/portable/MemMang/heap_4.o
START GROUP
LOAD /home/ignotus/st/stm32cubeide_1.19.0/plugins/com.st.stm32cube.ide.mcu.externaltools.gnu-tools-for-stm32.13.3.rel1.linux64_1.0.0.202410170706/tools/bin/../lib/gcc/arm-none-eabi/13.3.1/../../../../arm-none-eabi/lib/thumb/v7e-m+fp/hard/libc_nano.a
LOAD /home/ignotus/st/stm32cubeide_1.19.0/plugins/com.st.stm32cube.ide.mcu.externaltools.gnu-tools-for-stm32.13.3.rel1.linux64_1.0.0.202410170706/tools/bin/../lib/gcc/arm-none-eabi/13.3.1/../../../../arm-none-eabi/lib/thumb/v7e-m+fp/hard/libm.a
END GROUP
START GROUP
LOAD /home/ignotus/st/stm32cubeide_1.19.0/plugins/com.st.stm32cube.ide.mcu.externaltools.gnu-tools-for-stm32.13.3.rel1.linux64_1.0.0.202410170706/tools/bin/../lib/gcc/arm-none-eabi/13.3.1/thumb/v7e-m+fp/hard/libgcc.a
LOAD /home/ignotus/st/stm32cubeide_1.19.0/plugins/com.st.stm32cube.ide.mcu.externaltools.gnu-tools-for-stm32.13.3.rel1.linux64_1.0.0.202410170706/tools/bin/../lib/gcc/arm-none-eabi/13.3.1/../../../../arm-none-eabi/lib/thumb/v7e-m+fp/hard/libc_nano.a
END GROUP
START GROUP
LOAD /home/ignotus/st/stm32cubeide_1.19.0/plugins/com.st.stm32cube.ide.mcu.externaltools.gnu-tools-for-stm32.13.3.rel1.linux64_1.0.0.202410170706/tools/bin/../lib/gcc/arm-none-eabi/13.3.1/thumb/v7e-m+fp/hard/libgcc.a
LOAD /home/ignotus/st/stm32cubeide_1.19.0/plugins/com.st.stm32cube.ide.mcu.externaltools.gnu-tools-for-stm32.13.3.rel1.linux64_1.0.0.202410170706/tools/bin/../lib/gcc/arm-none-eabi/13.3.1/../../../../arm-none-eabi/lib/thumb/v7e-m+fp/hard/libc_nano.a
LOAD /home/ignotus/st/stm32cubeide_1.19.0/plugins/com.st.stm32cube.ide.mcu.externaltools.gnu-tools-for-stm32.13.3.rel1.linux64_1.0.0.202410170706/tools/bin/../lib/gcc/arm-none-eabi/13.3.1/../../../../arm-none-eabi/lib/thumb/v7e-m+fp/hard/libnosys.a
END GROUP
START GROUP
LOAD /home/ignotus/st/stm32cubeide_1.19.0/plugins/com.st.stm32cube.ide.mcu.externaltools.gnu-tools-for-stm32.13.3.rel1.linux64_1.0.0.202410170706/tools/bin/../lib/gcc/arm-none-eabi/13.3.1/thumb/v7e-m+fp/hard/libgcc.a
LOAD /home/ignotus/st/stm32cubeide_1.19.0/plugins/com.st.stm32cube.ide.mcu.externaltools.gnu-tools-for-stm32.13.3.rel1.linux64_1.0.0.202410170706/tools/bin/../lib/gcc/arm-none-eabi/13.3.1/../../../../arm-none-eabi/lib/thumb/v7e-m+fp/hard/libc_nano.a
LOAD /home/ignotus/st/stm32cubeide_1.19.0/plugins/com.st.stm32cube.ide.mcu.externaltools.gnu-tools-for-stm32.13.3.rel1.linux64_1.0.0.202410170706/tools/bin/../lib/gcc/arm-none-eabi/13.3.1/../../../../arm-none-eabi/lib/thumb/v7e-m+fp/hard/libnosys.a
END GROUP
LOAD /home/ignotus/st/stm32cubeide_1.19.0/plugins/com.st.stm32cube.ide.mcu.externaltools.gnu-tools-for-stm32.13.3.rel1.linux64_1.0.0.202410170706/tools/bin/../lib/gcc/arm-none-eabi/13.3.1/thumb/v7e-m+fp/hard/crtend.o
LOAD /home/ignotus/st/stm32cubeide_1.19.0/plugins/com.st.stm32cube.ide.mcu.externaltools.gnu-tools-for-stm32.13.3.rel1.linux64_1.0.0.202410170706/tools/bin/../lib/gcc/arm-none-eabi/13.3.1/thumb/v7e-m+fp/hard/crtn.o
                0x20020000                        _estack = (ORIGIN (RAM) + LENGTH (RAM))
                0x00000200                        _Min_Heap_Size = 0x200
                0x00000400                        _Min_Stack_Size = 0x400

.isr_vector     0x08000000      0x1c4
                0x08000000                        . = ALIGN (0x4)
 *(.isr_vector)
 .isr_vector    0x08000000      0x1c4 ./Core/Startup/startup_stm32f446retx.o
                0x08000000                g_pfnVectors
                0x080001c4                        . = ALIGN (0x4)

.text           0x080001d0    0x19394
                0x080001d0                        . = ALIGN (0x4)
 *(.text)
 .text          0x080001d0       0x40 /home/ignotus/st/stm32cubeide_1.19.0/plugins/com.st.stm32cube.ide.mcu.externaltools.gnu-tools-for-stm32.13.3.rel1.linux64_1.0.0.202410170706/tools/bin/../lib/gcc/arm-none-eabi/13.3.1/thumb/v7e-m+fp/hard/crtbegin.o
 .text          0x08000210       0xa0 /home/ignotus/st/stm32cubeide_1.19.0/plugins/com.st.stm32cube.ide.mcu.externaltools.gnu-tools-for-stm32.13.3.rel1.linux64_1.0.0.202410170706/tools/bin/../lib/gcc/arm-none-eabi/13.3.1/../../../../arm-none-eabi/lib/thumb/v7e-m+fp/hard/libc_nano.a(libc_a-memchr.o)
                0x08000210                memchr
 .text          0x080002b0       0x10 /home/ignotus/st/stm32cubeide_1.19.0/plugins/com.st.stm32cube.ide.mcu.externaltools.gnu-tools-for-stm32.13.3.rel1.linux64_1.0.0.202410170706/tools/bin/../lib/gcc/arm-none-eabi/13.3.1/../../../../arm-none-eabi/lib/thumb/v7e-m+fp/hard/libc_nano.a(libc_a-strlen.o)
                0x080002b0                strlen
 .text          0x080002c0      0x378 /home/ignotus/st/stm32cubeide_1.19.0/plugins/com.st.stm32cube.ide.mcu.externaltools.gnu-tools-for-stm32.13.3.rel1.linux64_1.0.0.202410170706/tools/bin/../lib/gcc/arm-none-eabi/13.3.1/thumb/v7e-m+fp/hard/libgcc.a(_arm_addsubdf3.o)
                0x080002c0                __aeabi_drsub
                0x080002c8                __aeabi_dsub
                0x080002c8                __subdf3
                0x080002cc                __adddf3
                0x080002cc                __aeabi_dadd
                0x08000544                __aeabi_ui2d
                0x08000544                __floatunsidf
                0x08000564                __floatsidf
                0x08000564                __aeabi_i2d
                0x08000588                __extendsfdf2
                0x08000588                __aeabi_f2d
                0x080005cc                __aeabi_ul2d
                0x080005cc                __floatundidf
                0x080005dc                __floatdidf
                0x080005dc                __aeabi_l2d
 .text          0x08000638      0x424 /home/ignotus/st/stm32cubeide_1.19.0/plugins/com.st.stm32cube.ide.mcu.externaltools.gnu-tools-for-stm32.13.3.rel1.linux64_1.0.0.202410170706/tools/bin/../lib/gcc/arm-none-eabi/13.3.1/thumb/v7e-m+fp/hard/libgcc.a(_arm_muldivdf3.o)
                0x08000638                __aeabi_dmul
                0x08000638                __muldf3
                0x0800088c                __aeabi_ddiv
                0x0800088c                __divdf3
 .text          0x08000a5c      0x110 /home/ignotus/st/stm32cubeide_1.19.0/plugins/com.st.stm32cube.ide.mcu.externaltools.gnu-tools-for-stm32.13.3.rel1.linux64_1.0.0.202410170706/tools/bin/../lib/gcc/arm-none-eabi/13.3.1/thumb/v7e-m+fp/hard/libgcc.a(_arm_cmpdf2.o)
                0x08000a5c                __gtdf2
                0x08000a5c                __gedf2
                0x08000a64                __ltdf2
                0x08000a64                __ledf2
                0x08000a6c                __cmpdf2
                0x08000a6c                __eqdf2
                0x08000a6c                __nedf2
                0x08000ae8                __aeabi_cdrcmple
                0x08000af8                __aeabi_cdcmple
                0x08000af8                __aeabi_cdcmpeq
                0x08000b08                __aeabi_dcmpeq
                0x08000b1c                __aeabi_dcmplt
                0x08000b30                __aeabi_dcmple
                0x08000b44                __aeabi_dcmpge
                0x08000b58                __aeabi_dcmpgt
 .text          0x08000b6c       0x2c /home/ignotus/st/stm32cubeide_1.19.0/plugins/com.st.stm32cube.ide.mcu.externaltools.gnu-tools-for-stm32.13.3.rel1.linux64_1.0.0.202410170706/tools/bin/../lib/gcc/arm-none-eabi/13.3.1/thumb/v7e-m+fp/hard/libgcc.a(_arm_unorddf2.o)
                0x08000b6c                __aeabi_dcmpun
                0x08000b6c                __unorddf2
 .text          0x08000b98       0x50 /home/ignotus/st/stm32cubeide_1.19.0/plugins/com.st.stm32cube.ide.mcu.externaltools.gnu-tools-for-stm32.13.3.rel1.linux64_1.0.0.202410170706/tools/bin/../lib/gcc/arm-none-eabi/13.3.1/thumb/v7e-m+fp/hard/libgcc.a(_arm_fixdfsi.o)
                0x08000b98                __fixdfsi
                0x08000b98                __aeabi_d2iz
 .text          0x08000be8       0x40 /home/ignotus/st/stm32cubeide_1.19.0/plugins/com.st.stm32cube.ide.mcu.externaltools.gnu-tools-for-stm32.13.3.rel1.linux64_1.0.0.202410170706/tools/bin/../lib/gcc/arm-none-eabi/13.3.1/thumb/v7e-m+fp/hard/libgcc.a(_arm_fixunsdfsi.o)
                0x08000be8                __fixunsdfsi
                0x08000be8                __aeabi_d2uiz
 .text          0x08000c28       0xa0 /home/ignotus/st/stm32cubeide_1.19.0/plugins/com.st.stm32cube.ide.mcu.externaltools.gnu-tools-for-stm32.13.3.rel1.linux64_1.0.0.202410170706/tools/bin/../lib/gcc/arm-none-eabi/13.3.1/thumb/v7e-m+fp/hard/libgcc.a(_arm_truncdfsf2.o)
                0x08000c28                __aeabi_d2f
                0x08000c28                __truncdfsf2
 .text          0x08000cc8       0x30 /home/ignotus/st/stm32cubeide_1.19.0/plugins/com.st.stm32cube.ide.mcu.externaltools.gnu-tools-for-stm32.13.3.rel1.linux64_1.0.0.202410170706/tools/bin/../lib/gcc/arm-none-eabi/13.3.1/thumb/v7e-m+fp/hard/libgcc.a(_aeabi_uldivmod.o)
                0x08000cc8                __aeabi_uldivmod
 .text          0x08000cf8       0x30 /home/ignotus/st/stm32cubeide_1.19.0/plugins/com.st.stm32cube.ide.mcu.externaltools.gnu-tools-for-stm32.13.3.rel1.linux64_1.0.0.202410170706/tools/bin/../lib/gcc/arm-none-eabi/13.3.1/thumb/v7e-m+fp/hard/libgcc.a(_fixdfdi.o)
                0x08000cf8                __aeabi_d2lz
                0x08000cf8                __fixdfdi
 .text          0x08000d28       0x3c /home/ignotus/st/stm32cubeide_1.19.0/plugins/com.st.stm32cube.ide.mcu.externaltools.gnu-tools-for-stm32.13.3.rel1.linux64_1.0.0.202410170706/tools/bin/../lib/gcc/arm-none-eabi/13.3.1/thumb/v7e-m+fp/hard/libgcc.a(_fixunsdfdi.o)
                0x08000d28                __aeabi_d2ulz
                0x08000d28                __fixunsdfdi
 .text          0x08000d64      0x2f8 /home/ignotus/st/stm32cubeide_1.19.0/plugins/com.st.stm32cube.ide.mcu.externaltools.gnu-tools-for-stm32.13.3.rel1.linux64_1.0.0.202410170706/tools/bin/../lib/gcc/arm-none-eabi/13.3.1/thumb/v7e-m+fp/hard/libgcc.a(_udivmoddi4.o)
                0x08000d64                __udivmoddi4
 .text          0x0800105c        0x4 /home/ignotus/st/stm32cubeide_1.19.0/plugins/com.st.stm32cube.ide.mcu.externaltools.gnu-tools-for-stm32.13.3.rel1.linux64_1.0.0.202410170706/tools/bin/../lib/gcc/arm-none-eabi/13.3.1/thumb/v7e-m+fp/hard/libgcc.a(_dvmd_tls.o)
                0x0800105c                __aeabi_ldiv0
                0x0800105c                __aeabi_idiv0
 *(.text*)
 .text.i2c_write_reg
                0x08001060       0x48 ./Core/Src/drivers/compass.o
 .text.i2c_read_reg
                0x080010a8       0x54 ./Core/Src/drivers/compass.o
 .text.hmc_init
                0x080010fc       0xb2 ./Core/Src/drivers/compass.o
 .text.qmc_init
                0x080011ae       0x9c ./Core/Src/drivers/compass.o
 *fill*         0x0800124a        0x2 
 .text.hmc_read
                0x0800124c       0xe8 ./Core/Src/drivers/compass.o
 .text.qmc_read
                0x08001334       0xe8 ./Core/Src/drivers/compass.o
 .text.Compass_Init
                0x0800141c       0x48 ./Core/Src/drivers/compass.o
                0x0800141c                Compass_Init
 .text.Compass_Read
                0x08001464       0x44 ./Core/Src/drivers/compass.o
                0x08001464                Compass_Read
 .text.Compass_GetChip
                0x080014a8       0x18 ./Core/Src/drivers/compass.o
                0x080014a8                Compass_GetChip
 .text.delay_us
                0x080014c0       0x4c ./Core/Src/drivers/dht11.o
 .text.pin_output
                0x0800150c       0x3c ./Core/Src/drivers/dht11.o
 .text.pin_input
                0x08001548       0x38 ./Core/Src/drivers/dht11.o
 .text.pin_low  0x08001580       0x18 ./Core/Src/drivers/dht11.o
 .text.pin_high
                0x08001598       0x18 ./Core/Src/drivers/dht11.o
 .text.pin_read
                0x080015b0       0x18 ./Core/Src/drivers/dht11.o
 .text.wait_pin
                0x080015c8       0x60 ./Core/Src/drivers/dht11.o
 .text.DHT11_Init
                0x08001628       0x3c ./Core/Src/drivers/dht11.o
                0x08001628                DHT11_Init
 .text.DHT11_Read
                0x08001664      0x184 ./Core/Src/drivers/dht11.o
                0x08001664                DHT11_Read
 .text.nmea_to_decimal
                0x080017e8       0xac ./Core/Src/drivers/gps_nmea.o
 .text.nmea_checksum_ok
                0x08001894       0x68 ./Core/Src/drivers/gps_nmea.o
 .text.get_field
                0x080018fc       0xa4 ./Core/Src/drivers/gps_nmea.o
 .text.GPS_ParseRMC
                0x080019a0       0xf8 ./Core/Src/drivers/gps_nmea.o
                0x080019a0                GPS_ParseRMC
 .text.vApplicationStackOverflowHook
                0x08001a98       0x12 ./Core/Src/freertos.o
                0x08001a98                vApplicationStackOverflowHook
 .text.vApplicationMallocFailedHook
                0x08001aaa        0xc ./Core/Src/freertos.o
                0x08001aaa                vApplicationMallocFailedHook
 *fill*         0x08001ab6        0x2 
 .text.main     0x08001ab8      0x32c ./Core/Src/main.o
                0x08001ab8                main
 .text.SystemClock_Config
                0x08001de4       0xe4 ./Core/Src/main.o
                0x08001de4                SystemClock_Config
 .text.MX_ADC1_Init
                0x08001ec8       0xec ./Core/Src/main.o
 .text.MX_I2C1_Init
                0x08001fb4       0x5c ./Core/Src/main.o
 .text.MX_SPI1_Init
                0x08002010       0x6c ./Core/Src/main.o
 .text.MX_TIM1_Init
                0x0800207c      0x120 ./Core/Src/main.o
 .text.MX_TIM2_Init
                0x0800219c       0xa4 ./Core/Src/main.o
 .text.MX_USART2_UART_Init
                0x08002240       0x54 ./Core/Src/main.o
 .text.MX_USART3_UART_Init
                0x08002294       0x54 ./Core/Src/main.o
 .text.MX_USART6_UART_Init
                0x080022e8       0x54 ./Core/Src/main.o
 .text.MX_DMA_Init
                0x0800233c       0xbc ./Core/Src/main.o
 .text.MX_GPIO_Init
                0x080023f8       0xd8 ./Core/Src/main.o
 .text.StartDefaultTask
                0x080024d0       0x16 ./Core/Src/main.o
                0x080024d0                StartDefaultTask
 .text.Error_Handler
                0x080024e6        0xc ./Core/Src/main.o
                0x080024e6                Error_Handler
 *fill*         0x080024f2        0x2 
 .text.HAL_MspInit
                0x080024f4       0x58 ./Core/Src/stm32f4xx_hal_msp.o
                0x080024f4                HAL_MspInit
 .text.HAL_ADC_MspInit
                0x0800254c      0x100 ./Core/Src/stm32f4xx_hal_msp.o
                0x0800254c                HAL_ADC_MspInit
 .text.HAL_I2C_MspInit
                0x0800264c       0xb0 ./Core/Src/stm32f4xx_hal_msp.o
                0x0800264c                HAL_I2C_MspInit
 .text.HAL_I2C_MspDeInit
                0x080026fc       0x50 ./Core/Src/stm32f4xx_hal_msp.o
                0x080026fc                HAL_I2C_MspDeInit
 .text.HAL_SPI_MspInit
                0x0800274c      0x16c ./Core/Src/stm32f4xx_hal_msp.o
                0x0800274c                HAL_SPI_MspInit
 .text.HAL_TIM_PWM_MspInit
                0x080028b8       0x44 ./Core/Src/stm32f4xx_hal_msp.o
                0x080028b8                HAL_TIM_PWM_MspInit
 .text.HAL_TIM_IC_MspInit
                0x080028fc       0x9c ./Core/Src/stm32f4xx_hal_msp.o
                0x080028fc                HAL_TIM_IC_MspInit
 .text.HAL_TIM_MspPostInit
                0x08002998       0x74 ./Core/Src/stm32f4xx_hal_msp.o
                0x08002998                HAL_TIM_MspPostInit
 .text.HAL_UART_MspInit
                0x08002a0c      0x374 ./Core/Src/stm32f4xx_hal_msp.o
                0x08002a0c                HAL_UART_MspInit
 .text.NMI_Handler
                0x08002d80        0x8 ./Core/Src/stm32f4xx_it.o
                0x08002d80                NMI_Handler
 .text.HardFault_Handler
                0x08002d88        0x8 ./Core/Src/stm32f4xx_it.o
                0x08002d88                HardFault_Handler
 .text.MemManage_Handler
                0x08002d90        0x8 ./Core/Src/stm32f4xx_it.o
                0x08002d90                MemManage_Handler
 .text.BusFault_Handler
                0x08002d98        0x8 ./Core/Src/stm32f4xx_it.o
                0x08002d98                BusFault_Handler
 .text.UsageFault_Handler
                0x08002da0        0x8 ./Core/Src/stm32f4xx_it.o
                0x08002da0                UsageFault_Handler
 .text.DebugMon_Handler
                0x08002da8        0xe ./Core/Src/stm32f4xx_it.o
                0x08002da8                DebugMon_Handler
 .text.SysTick_Handler
                0x08002db6       0x1a ./Core/Src/stm32f4xx_it.o
                0x08002db6                SysTick_Handler
 .text.DMA1_Stream1_IRQHandler
                0x08002dd0       0x14 ./Core/Src/stm32f4xx_it.o
                0x08002dd0                DMA1_Stream1_IRQHandler
 .text.DMA1_Stream3_IRQHandler
                0x08002de4       0x14 ./Core/Src/stm32f4xx_it.o
                0x08002de4                DMA1_Stream3_IRQHandler
 .text.DMA1_Stream6_IRQHandler
                0x08002df8       0x14 ./Core/Src/stm32f4xx_it.o
                0x08002df8                DMA1_Stream6_IRQHandler
 .text.ADC_IRQHandler
                0x08002e0c       0x14 ./Core/Src/stm32f4xx_it.o
                0x08002e0c                ADC_IRQHandler
 .text.TIM2_IRQHandler
                0x08002e20       0x14 ./Core/Src/stm32f4xx_it.o
                0x08002e20                TIM2_IRQHandler
 .text.I2C1_EV_IRQHandler
                0x08002e34       0x14 ./Core/Src/stm32f4xx_it.o
                0x08002e34                I2C1_EV_IRQHandler
 .text.I2C1_ER_IRQHandler
                0x08002e48       0x14 ./Core/Src/stm32f4xx_it.o
                0x08002e48                I2C1_ER_IRQHandler
 .text.SPI1_IRQHandler
                0x08002e5c       0x14 ./Core/Src/stm32f4xx_it.o
                0x08002e5c                SPI1_IRQHandler
 .text.USART2_IRQHandler
                0x08002e70       0x14 ./Core/Src/stm32f4xx_it.o
                0x08002e70                USART2_IRQHandler
 .text.USART3_IRQHandler
                0x08002e84       0x14 ./Core/Src/stm32f4xx_it.o
                0x08002e84                USART3_IRQHandler
 .text.DMA2_Stream0_IRQHandler
                0x08002e98       0x14 ./Core/Src/stm32f4xx_it.o
                0x08002e98                DMA2_Stream0_IRQHandler
 .text.DMA2_Stream1_IRQHandler
                0x08002eac       0x14 ./Core/Src/stm32f4xx_it.o
                0x08002eac                DMA2_Stream1_IRQHandler
 .text.DMA2_Stream3_IRQHandler
                0x08002ec0       0x14 ./Core/Src/stm32f4xx_it.o
                0x08002ec0                DMA2_Stream3_IRQHandler
 .text.DMA2_Stream4_IRQHandler
                0x08002ed4       0x14 ./Core/Src/stm32f4xx_it.o
                0x08002ed4                DMA2_Stream4_IRQHandler
 .text.USART6_IRQHandler
                0x08002ee8       0x14 ./Core/Src/stm32f4xx_it.o
                0x08002ee8                USART6_IRQHandler
 .text._getpid  0x08002efc       0x10 ./Core/Src/syscalls.o
                0x08002efc                _getpid
 .text._kill    0x08002f0c       0x20 ./Core/Src/syscalls.o
                0x08002f0c                _kill
 .text._exit    0x08002f2c       0x16 ./Core/Src/syscalls.o
                0x08002f2c                _exit
 .text._read    0x08002f42       0x3a ./Core/Src/syscalls.o
                0x08002f42                _read
 .text._write   0x08002f7c       0x38 ./Core/Src/syscalls.o
                0x08002f7c                _write
 .text._close   0x08002fb4       0x18 ./Core/Src/syscalls.o
                0x08002fb4                _close
 .text._fstat   0x08002fcc       0x20 ./Core/Src/syscalls.o
                0x08002fcc                _fstat
 .text._isatty  0x08002fec       0x16 ./Core/Src/syscalls.o
                0x08002fec                _isatty
 .text._lseek   0x08003002       0x1a ./Core/Src/syscalls.o
                0x08003002                _lseek
 .text._sbrk    0x0800301c       0x6c ./Core/Src/sysmem.o
                0x0800301c                _sbrk
 .text.SystemInit
                0x08003088       0x24 ./Core/Src/system_stm32f4xx.o
                0x08003088                SystemInit
 .text.compass_read_raw
                0x080030ac      0x126 ./Core/Src/tasks/task_compass.o
 *fill*         0x080031d2        0x2 
 .text.i2c_bus_recover
                0x080031d4       0xe0 ./Core/Src/tasks/task_compass.o
 .text.CompassTask
                0x080032b4      0x34c ./Core/Src/tasks/task_compass.o
                0x080032b4                CompassTask
 .text.debug_printf
                0x08003600       0xa8 ./Core/Src/tasks/task_debug.o
                0x08003600                debug_printf
 .text.fix_mode_str
                0x080036a8       0x38 ./Core/Src/tasks/task_debug.o
 .text.chip_str
                0x080036e0       0x38 ./Core/Src/tasks/task_debug.o
 .text.DebugTask
                0x08003718      0x430 ./Core/Src/tasks/task_debug.o
                0x08003718                DebugTask
 .text.HAL_TIM_IC_CaptureCallback
                0x08003b48       0xc0 ./Core/Src/tasks/task_flysky.o
                0x08003b48                HAL_TIM_IC_CaptureCallback
 .text.ppm_to_centered
                0x08003c08       0x40 ./Core/Src/tasks/task_flysky.o
 .text.FlySkyTask
                0x08003c48      0x164 ./Core/Src/tasks/task_flysky.o
                0x08003c48                FlySkyTask
 .text.field    0x08003dac       0xa4 ./Core/Src/tasks/task_gps.o
 .text.parse_gsv
                0x08003e50       0x68 ./Core/Src/tasks/task_gps.o
 .text.parse_gsa
                0x08003eb8      0x124 ./Core/Src/tasks/task_gps.o
 .text.gps_get_line
                0x08003fdc       0xf4 ./Core/Src/tasks/task_gps.o
 .text.GPSTask  0x080040d0      0x318 ./Core/Src/tasks/task_gps.o
                0x080040d0                GPSTask
 .text.motor_set
                0x080043e8       0xdc ./Core/Src/tasks/task_motor.o
 .text.motors_stop
                0x080044c4       0x34 ./Core/Src/tasks/task_motor.o
 .text.MotorTask
                0x080044f8      0x144 ./Core/Src/tasks/task_motor.o
                0x080044f8                MotorTask
 .text.clamp_nav
                0x0800463c       0x3c ./Core/Src/tasks/task_rpi.o
 .text.rpi_get_line
                0x08004678       0xbc ./Core/Src/tasks/task_rpi.o
 .text.parse_rpi_cmd
                0x08004734       0x78 ./Core/Src/tasks/task_rpi.o
 .text.RpiUARTTask
                0x080047ac       0xc0 ./Core/Src/tasks/task_rpi.o
                0x080047ac                RpiUARTTask
 .text.sd_mount
                0x0800486c       0x64 ./Core/Src/tasks/task_sdlog.o
 .text.sd_write_header
                0x080048d0       0x78 ./Core/Src/tasks/task_sdlog.o
 .text.sd_append
                0x08004948       0x80 ./Core/Src/tasks/task_sdlog.o
 .text.SDLogTask
                0x080049c8      0x1f0 ./Core/Src/tasks/task_sdlog.o
                0x080049c8                SDLogTask
 .text.HAL_ADC_ConvCpltCallback
                0x08004bb8       0x2c ./Core/Src/tasks/task_sensors.o
                0x08004bb8                HAL_ADC_ConvCpltCallback
 .text.raw_to_volt
                0x08004be4       0x40 ./Core/Src/tasks/task_sensors.o
 .text.calc_mq135
                0x08004c24       0x88 ./Core/Src/tasks/task_sensors.o
 .text.calc_turbidity
                0x08004cac       0x8c ./Core/Src/tasks/task_sensors.o
 .text.calc_ph  0x08004d38       0x78 ./Core/Src/tasks/task_sensors.o
 .text.calc_tds
                0x08004db0       0xd0 ./Core/Src/tasks/task_sensors.o
 .text.adc_read_blocking
                0x08004e80       0x94 ./Core/Src/tasks/task_sensors.o
 .text.SensorTask
                0x08004f14      0x168 ./Core/Src/tasks/task_sensors.o
                0x08004f14                SensorTask
 .text.Reset_Handler
                0x0800507c       0x50 ./Core/Startup/startup_stm32f446retx.o
                0x0800507c                Reset_Handler
 .text.Default_Handler
                0x080050cc        0x2 ./Core/Startup/startup_stm32f446retx.o
                0x080050cc                RTC_Alarm_IRQHandler
                0x080050cc                EXTI2_IRQHandler
                0x080050cc                TIM8_CC_IRQHandler
                0x080050cc                FMPI2C1_EV_IRQHandler
                0x080050cc                SPI4_IRQHandler
                0x080050cc                TIM1_CC_IRQHandler
                0x080050cc                DMA2_Stream5_IRQHandler
                0x080050cc                DMA1_Stream5_IRQHandler
                0x080050cc                PVD_IRQHandler
                0x080050cc                SDIO_IRQHandler
                0x080050cc                TAMP_STAMP_IRQHandler
                0x080050cc                CAN2_RX1_IRQHandler
                0x080050cc                EXTI3_IRQHandler
                0x080050cc                TIM8_TRG_COM_TIM14_IRQHandler
                0x080050cc                TIM1_UP_TIM10_IRQHandler
                0x080050cc                TIM8_UP_TIM13_IRQHandler
                0x080050cc                I2C3_ER_IRQHandler
                0x080050cc                EXTI0_IRQHandler
                0x080050cc                I2C2_EV_IRQHandler
                0x080050cc                DMA1_Stream2_IRQHandler
                0x080050cc                CAN1_RX0_IRQHandler
                0x080050cc                FPU_IRQHandler
                0x080050cc                OTG_HS_WKUP_IRQHandler
                0x080050cc                CAN2_SCE_IRQHandler
                0x080050cc                DMA2_Stream2_IRQHandler
                0x080050cc                TIM6_DAC_IRQHandler
                0x080050cc                TIM1_BRK_TIM9_IRQHandler
                0x080050cc                DCMI_IRQHandler
                0x080050cc                CAN2_RX0_IRQHandler
                0x080050cc                SAI2_IRQHandler
                0x080050cc                CAN1_RX1_IRQHandler
                0x080050cc                UART5_IRQHandler
                0x080050cc                TIM4_IRQHandler
                0x080050cc                QUADSPI_IRQHandler
                0x080050cc                UART4_IRQHandler
                0x080050cc                TIM3_IRQHandler
                0x080050cc                RCC_IRQHandler
                0x080050cc                TIM8_BRK_TIM12_IRQHandler
                0x080050cc                Default_Handler
                0x080050cc                CEC_IRQHandler
                0x080050cc                EXTI15_10_IRQHandler
                0x080050cc                DMA1_Stream7_IRQHandler
                0x080050cc                TIM7_IRQHandler
                0x080050cc                CAN2_TX_IRQHandler
                0x080050cc                TIM5_IRQHandler
                0x080050cc                DMA2_Stream7_IRQHandler
                0x080050cc                I2C3_EV_IRQHandler
                0x080050cc                EXTI9_5_IRQHandler
                0x080050cc                RTC_WKUP_IRQHandler
                0x080050cc                SPDIF_RX_IRQHandler
                0x080050cc                SPI2_IRQHandler
                0x080050cc                OTG_HS_EP1_IN_IRQHandler
                0x080050cc                DMA1_Stream0_IRQHandler
                0x080050cc                CAN1_TX_IRQHandler
                0x080050cc                FMPI2C1_ER_IRQHandler
                0x080050cc                EXTI4_IRQHandler
                0x080050cc                OTG_HS_EP1_OUT_IRQHandler
                0x080050cc                WWDG_IRQHandler
                0x080050cc                OTG_FS_WKUP_IRQHandler
                0x080050cc                TIM1_TRG_COM_TIM11_IRQHandler
                0x080050cc                OTG_HS_IRQHandler
                0x080050cc                EXTI1_IRQHandler
                0x080050cc                I2C2_ER_IRQHandler
                0x080050cc                CAN1_SCE_IRQHandler
                0x080050cc                FLASH_IRQHandler
                0x080050cc                USART1_IRQHandler
                0x080050cc                OTG_FS_IRQHandler
                0x080050cc                SPI3_IRQHandler
                0x080050cc                DMA1_Stream4_IRQHandler
                0x080050cc                FMC_IRQHandler
                0x080050cc                DMA2_Stream6_IRQHandler
                0x080050cc                SAI1_IRQHandler
 *fill*         0x080050ce        0x2 
 .text.HAL_Init
                0x080050d0       0x44 ./Drivers/STM32F4xx_HAL_Driver/Src/stm32f4xx_hal.o
                0x080050d0                HAL_Init
 .text.HAL_InitTick
                0x08005114       0x60 ./Drivers/STM32F4xx_HAL_Driver/Src/stm32f4xx_hal.o
                0x08005114                HAL_InitTick
 .text.HAL_IncTick
                0x08005174       0x28 ./Drivers/STM32F4xx_HAL_Driver/Src/stm32f4xx_hal.o
                0x08005174                HAL_IncTick
 .text.HAL_GetTick
                0x0800519c       0x18 ./Drivers/STM32F4xx_HAL_Driver/Src/stm32f4xx_hal.o
                0x0800519c                HAL_GetTick
 .text.HAL_Delay
                0x080051b4       0x48 ./Drivers/STM32F4xx_HAL_Driver/Src/stm32f4xx_hal.o
                0x080051b4                HAL_Delay
 .text.HAL_ADC_Init
                0x080051fc       0x86 ./Drivers/STM32F4xx_HAL_Driver/Src/stm32f4xx_hal_adc.o
                0x080051fc                HAL_ADC_Init
 .text.HAL_ADC_IRQHandler
                0x08005282      0x220 ./Drivers/STM32F4xx_HAL_Driver/Src/stm32f4xx_hal_adc.o
                0x08005282                HAL_ADC_IRQHandler
 *fill*         0x080054a2        0x2 
 .text.HAL_ADC_Start_DMA
                0x080054a4      0x228 ./Drivers/STM32F4xx_HAL_Driver/Src/stm32f4xx_hal_adc.o
                0x080054a4                HAL_ADC_Start_DMA
 .text.HAL_ADC_Stop_DMA
                0x080056cc       0xb4 ./Drivers/STM32F4xx_HAL_Driver/Src/stm32f4xx_hal_adc.o
                0x080056cc                HAL_ADC_Stop_DMA
 .text.HAL_ADC_ConvHalfCpltCallback
                0x08005780       0x14 ./Drivers/STM32F4xx_HAL_Driver/Src/stm32f4xx_hal_adc.o
                0x08005780                HAL_ADC_ConvHalfCpltCallback
 .text.HAL_ADC_LevelOutOfWindowCallback
                0x08005794       0x14 ./Drivers/STM32F4xx_HAL_Driver/Src/stm32f4xx_hal_adc.o
                0x08005794                HAL_ADC_LevelOutOfWindowCallback
 .text.HAL_ADC_ErrorCallback
                0x080057a8       0x14 ./Drivers/STM32F4xx_HAL_Driver/Src/stm32f4xx_hal_adc.o
                0x080057a8                HAL_ADC_ErrorCallback
 .text.HAL_ADC_ConfigChannel
                0x080057bc      0x264 ./Drivers/STM32F4xx_HAL_Driver/Src/stm32f4xx_hal_adc.o
                0x080057bc                HAL_ADC_ConfigChannel
 .text.ADC_Init
                0x08005a20      0x1f8 ./Drivers/STM32F4xx_HAL_Driver/Src/stm32f4xx_hal_adc.o
 .text.ADC_DMAConvCplt
                0x08005c18       0xba ./Drivers/STM32F4xx_HAL_Driver/Src/stm32f4xx_hal_adc.o
 .text.ADC_DMAHalfConvCplt
                0x08005cd2       0x1c ./Drivers/STM32F4xx_HAL_Driver/Src/stm32f4xx_hal_adc.o
 .text.ADC_DMAError
                0x08005cee       0x2e ./Drivers/STM32F4xx_HAL_Driver/Src/stm32f4xx_hal_adc.o
 .text.HAL_ADCEx_InjectedConvCpltCallback
                0x08005d1c       0x14 ./Drivers/STM32F4xx_HAL_Driver/Src/stm32f4xx_hal_adc_ex.o
                0x08005d1c                HAL_ADCEx_InjectedConvCpltCallback
 .text.__NVIC_SetPriorityGrouping
                0x08005d30       0x48 ./Drivers/STM32F4xx_HAL_Driver/Src/stm32f4xx_hal_cortex.o
 .text.__NVIC_GetPriorityGrouping
                0x08005d78       0x1c ./Drivers/STM32F4xx_HAL_Driver/Src/stm32f4xx_hal_cortex.o
 .text.__NVIC_EnableIRQ
                0x08005d94       0x3c ./Drivers/STM32F4xx_HAL_Driver/Src/stm32f4xx_hal_cortex.o
 .text.__NVIC_DisableIRQ
                0x08005dd0       0x48 ./Drivers/STM32F4xx_HAL_Driver/Src/stm32f4xx_hal_cortex.o
 .text.__NVIC_SetPriority
                0x08005e18       0x54 ./Drivers/STM32F4xx_HAL_Driver/Src/stm32f4xx_hal_cortex.o
 .text.NVIC_EncodePriority
                0x08005e6c       0x66 ./Drivers/STM32F4xx_HAL_Driver/Src/stm32f4xx_hal_cortex.o
 *fill*         0x08005ed2        0x2 
 .text.SysTick_Config
                0x08005ed4       0x44 ./Drivers/STM32F4xx_HAL_Driver/Src/stm32f4xx_hal_cortex.o
 .text.HAL_NVIC_SetPriorityGrouping
                0x08005f18       0x16 ./Drivers/STM32F4xx_HAL_Driver/Src/stm32f4xx_hal_cortex.o
                0x08005f18                HAL_NVIC_SetPriorityGrouping
 .text.HAL_NVIC_SetPriority
                0x08005f2e       0x38 ./Drivers/STM32F4xx_HAL_Driver/Src/stm32f4xx_hal_cortex.o
                0x08005f2e                HAL_NVIC_SetPriority
 .text.HAL_NVIC_EnableIRQ
                0x08005f66       0x1c ./Drivers/STM32F4xx_HAL_Driver/Src/stm32f4xx_hal_cortex.o
                0x08005f66                HAL_NVIC_EnableIRQ
 .text.HAL_NVIC_DisableIRQ
                0x08005f82       0x1c ./Drivers/STM32F4xx_HAL_Driver/Src/stm32f4xx_hal_cortex.o
                0x08005f82                HAL_NVIC_DisableIRQ
 .text.HAL_SYSTICK_Config
                0x08005f9e       0x18 ./Drivers/STM32F4xx_HAL_Driver/Src/stm32f4xx_hal_cortex.o
                0x08005f9e                HAL_SYSTICK_Config
 *fill*         0x08005fb6        0x2 
 .text.HAL_DMA_Init
                0x08005fb8      0x15c ./Drivers/STM32F4xx_HAL_Driver/Src/stm32f4xx_hal_dma.o
                0x08005fb8                HAL_DMA_Init
 .text.HAL_DMA_Start_IT
                0x08006114       0xb0 ./Drivers/STM32F4xx_HAL_Driver/Src/stm32f4xx_hal_dma.o
                0x08006114                HAL_DMA_Start_IT
 .text.HAL_DMA_Abort
                0x080061c4       0xe0 ./Drivers/STM32F4xx_HAL_Driver/Src/stm32f4xx_hal_dma.o
                0x080061c4                HAL_DMA_Abort
 .text.HAL_DMA_Abort_IT
                0x080062a4       0x44 ./Drivers/STM32F4xx_HAL_Driver/Src/stm32f4xx_hal_dma.o
                0x080062a4                HAL_DMA_Abort_IT
 .text.HAL_DMA_IRQHandler
                0x080062e8      0x314 ./Drivers/STM32F4xx_HAL_Driver/Src/stm32f4xx_hal_dma.o
                0x080062e8                HAL_DMA_IRQHandler
 .text.HAL_DMA_GetState
                0x080065fc       0x1c ./Drivers/STM32F4xx_HAL_Driver/Src/stm32f4xx_hal_dma.o
                0x080065fc                HAL_DMA_GetState
 .text.DMA_SetConfig
                0x08006618       0x5c ./Drivers/STM32F4xx_HAL_Driver/Src/stm32f4xx_hal_dma.o
 .text.DMA_CalcBaseAndBitshift
                0x08006674       0x6c ./Drivers/STM32F4xx_HAL_Driver/Src/stm32f4xx_hal_dma.o
 .text.DMA_CheckFifoParam
                0x080066e0       0xf8 ./Drivers/STM32F4xx_HAL_Driver/Src/stm32f4xx_hal_dma.o
 .text.HAL_GPIO_Init
                0x080067d8      0x328 ./Drivers/STM32F4xx_HAL_Driver/Src/stm32f4xx_hal_gpio.o
                0x080067d8                HAL_GPIO_Init
 .text.HAL_GPIO_DeInit
                0x08006b00      0x1e8 ./Drivers/STM32F4xx_HAL_Driver/Src/stm32f4xx_hal_gpio.o
                0x08006b00                HAL_GPIO_DeInit
 .text.HAL_GPIO_ReadPin
                0x08006ce8       0x30 ./Drivers/STM32F4xx_HAL_Driver/Src/stm32f4xx_hal_gpio.o
                0x08006ce8                HAL_GPIO_ReadPin
 .text.HAL_GPIO_WritePin
                0x08006d18       0x32 ./Drivers/STM32F4xx_HAL_Driver/Src/stm32f4xx_hal_gpio.o
                0x08006d18                HAL_GPIO_WritePin
 *fill*         0x08006d4a        0x2 
 .text.HAL_I2C_Init
                0x08006d4c      0x288 ./Drivers/STM32F4xx_HAL_Driver/Src/stm32f4xx_hal_i2c.o
                0x08006d4c                HAL_I2C_Init
 .text.HAL_I2C_DeInit
                0x08006fd4       0x5e ./Drivers/STM32F4xx_HAL_Driver/Src/stm32f4xx_hal_i2c.o
                0x08006fd4                HAL_I2C_DeInit
 .text.I2C_Flush_DR
                0x08007032       0x2a ./Drivers/STM32F4xx_HAL_Driver/Src/stm32f4xx_hal_i2c.o
 .text.HAL_I2C_Master_Transmit
                0x0800705c      0x1fc ./Drivers/STM32F4xx_HAL_Driver/Src/stm32f4xx_hal_i2c.o
                0x0800705c                HAL_I2C_Master_Transmit
 .text.HAL_I2C_Master_Receive
                0x08007258      0x464 ./Drivers/STM32F4xx_HAL_Driver/Src/stm32f4xx_hal_i2c.o
                0x08007258                HAL_I2C_Master_Receive
 .text.HAL_I2C_IsDeviceReady
                0x080076bc      0x25c ./Drivers/STM32F4xx_HAL_Driver/Src/stm32f4xx_hal_i2c.o
                0x080076bc                HAL_I2C_IsDeviceReady
 .text.HAL_I2C_EV_IRQHandler
                0x08007918      0x2e2 ./Drivers/STM32F4xx_HAL_Driver/Src/stm32f4xx_hal_i2c.o
                0x08007918                HAL_I2C_EV_IRQHandler
 .text.HAL_I2C_ER_IRQHandler
                0x08007bfa      0x14e ./Drivers/STM32F4xx_HAL_Driver/Src/stm32f4xx_hal_i2c.o
                0x08007bfa                HAL_I2C_ER_IRQHandler
 .text.HAL_I2C_MasterTxCpltCallback
                0x08007d48       0x14 ./Drivers/STM32F4xx_HAL_Driver/Src/stm32f4xx_hal_i2c.o
                0x08007d48                HAL_I2C_MasterTxCpltCallback
 .text.HAL_I2C_MasterRxCpltCallback
                0x08007d5c       0x14 ./Drivers/STM32F4xx_HAL_Driver/Src/stm32f4xx_hal_i2c.o
                0x08007d5c                HAL_I2C_MasterRxCpltCallback
 .text.HAL_I2C_SlaveTxCpltCallback
                0x08007d70       0x14 ./Drivers/STM32F4xx_HAL_Driver/Src/stm32f4xx_hal_i2c.o
                0x08007d70                HAL_I2C_SlaveTxCpltCallback
 .text.HAL_I2C_SlaveRxCpltCallback
                0x08007d84       0x14 ./Drivers/STM32F4xx_HAL_Driver/Src/stm32f4xx_hal_i2c.o
                0x08007d84                HAL_I2C_SlaveRxCpltCallback
 .text.HAL_I2C_AddrCallback
                0x08007d98       0x1c ./Drivers/STM32F4xx_HAL_Driver/Src/stm32f4xx_hal_i2c.o
                0x08007d98                HAL_I2C_AddrCallback
 .text.HAL_I2C_ListenCpltCallback
                0x08007db4       0x14 ./Drivers/STM32F4xx_HAL_Driver/Src/stm32f4xx_hal_i2c.o
                0x08007db4                HAL_I2C_ListenCpltCallback
 .text.HAL_I2C_MemTxCpltCallback
                0x08007dc8       0x14 ./Drivers/STM32F4xx_HAL_Driver/Src/stm32f4xx_hal_i2c.o
                0x08007dc8                HAL_I2C_MemTxCpltCallback
 .text.HAL_I2C_MemRxCpltCallback
                0x08007ddc       0x14 ./Drivers/STM32F4xx_HAL_Driver/Src/stm32f4xx_hal_i2c.o
                0x08007ddc                HAL_I2C_MemRxCpltCallback
 .text.HAL_I2C_ErrorCallback
                0x08007df0       0x14 ./Drivers/STM32F4xx_HAL_Driver/Src/stm32f4xx_hal_i2c.o
                0x08007df0                HAL_I2C_ErrorCallback
 .text.HAL_I2C_AbortCpltCallback
                0x08007e04       0x14 ./Drivers/STM32F4xx_HAL_Driver/Src/stm32f4xx_hal_i2c.o
                0x08007e04                HAL_I2C_AbortCpltCallback
 .text.I2C_MasterTransmit_TXE
                0x08007e18      0x138 ./Drivers/STM32F4xx_HAL_Driver/Src/stm32f4xx_hal_i2c.o
 .text.I2C_MasterTransmit_BTF
                0x08007f50       0xec ./Drivers/STM32F4xx_HAL_Driver/Src/stm32f4xx_hal_i2c.o
 .text.I2C_MemoryTransmit_TXE_BTF
                0x0800803c      0x130 ./Drivers/STM32F4xx_HAL_Driver/Src/stm32f4xx_hal_i2c.o
 .text.I2C_MasterReceive_RXNE
                0x0800816c      0x190 ./Drivers/STM32F4xx_HAL_Driver/Src/stm32f4xx_hal_i2c.o
 .text.I2C_MasterReceive_BTF
                0x080082fc      0x1e2 ./Drivers/STM32F4xx_HAL_Driver/Src/stm32f4xx_hal_i2c.o
 .text.I2C_Master_SB
                0x080084de      0x10c ./Drivers/STM32F4xx_HAL_Driver/Src/stm32f4xx_hal_i2c.o
 .text.I2C_Master_ADD10
                0x080085ea       0x54 ./Drivers/STM32F4xx_HAL_Driver/Src/stm32f4xx_hal_i2c.o
 .text.I2C_Master_ADDR
                0x0800863e      0x322 ./Drivers/STM32F4xx_HAL_Driver/Src/stm32f4xx_hal_i2c.o
 .text.I2C_SlaveTransmit_TXE
                0x08008960       0x7a ./Drivers/STM32F4xx_HAL_Driver/Src/stm32f4xx_hal_i2c.o
 .text.I2C_SlaveTransmit_BTF
                0x080089da       0x42 ./Drivers/STM32F4xx_HAL_Driver/Src/stm32f4xx_hal_i2c.o
 .text.I2C_SlaveReceive_RXNE
                0x08008a1c       0x7c ./Drivers/STM32F4xx_HAL_Driver/Src/stm32f4xx_hal_i2c.o
 .text.I2C_SlaveReceive_BTF
                0x08008a98       0x44 ./Drivers/STM32F4xx_HAL_Driver/Src/stm32f4xx_hal_i2c.o
 .text.I2C_Slave_ADDR
                0x08008adc       0x94 ./Drivers/STM32F4xx_HAL_Driver/Src/stm32f4xx_hal_i2c.o
 .text.I2C_Slave_STOPF
                0x08008b70      0x260 ./Drivers/STM32F4xx_HAL_Driver/Src/stm32f4xx_hal_i2c.o
 .text.I2C_Slave_AF
                0x08008dd0       0xe8 ./Drivers/STM32F4xx_HAL_Driver/Src/stm32f4xx_hal_i2c.o
 .text.I2C_ITError
                0x08008eb8      0x264 ./Drivers/STM32F4xx_HAL_Driver/Src/stm32f4xx_hal_i2c.o
 .text.I2C_MasterRequestWrite
                0x0800911c      0x104 ./Drivers/STM32F4xx_HAL_Driver/Src/stm32f4xx_hal_i2c.o
 .text.I2C_MasterRequestRead
                0x08009220      0x19c ./Drivers/STM32F4xx_HAL_Driver/Src/stm32f4xx_hal_i2c.o
 .text.I2C_DMAAbort
                0x080093bc      0x150 ./Drivers/STM32F4xx_HAL_Driver/Src/stm32f4xx_hal_i2c.o
 .text.I2C_WaitOnFlagUntilTimeout
                0x0800950c       0xf4 ./Drivers/STM32F4xx_HAL_Driver/Src/stm32f4xx_hal_i2c.o
 .text.I2C_WaitOnMasterAddressFlagUntilTimeout
                0x08009600      0x140 ./Drivers/STM32F4xx_HAL_Driver/Src/stm32f4xx_hal_i2c.o
 .text.I2C_WaitOnTXEFlagUntilTimeout
                0x08009740       0x90 ./Drivers/STM32F4xx_HAL_Driver/Src/stm32f4xx_hal_i2c.o
 .text.I2C_WaitOnBTFFlagUntilTimeout
                0x080097d0       0x90 ./Drivers/STM32F4xx_HAL_Driver/Src/stm32f4xx_hal_i2c.o
 .text.I2C_WaitOnSTOPRequestThroughIT
                0x08009860       0x64 ./Drivers/STM32F4xx_HAL_Driver/Src/stm32f4xx_hal_i2c.o
 .text.I2C_WaitOnRXNEFlagUntilTimeout
                0x080098c4       0xba ./Drivers/STM32F4xx_HAL_Driver/Src/stm32f4xx_hal_i2c.o
 .text.I2C_IsAcknowledgeFailed
                0x0800997e       0x5e ./Drivers/STM32F4xx_HAL_Driver/Src/stm32f4xx_hal_i2c.o
 .text.I2C_ConvertOtherXferOptions
                0x080099dc       0x36 ./Drivers/STM32F4xx_HAL_Driver/Src/stm32f4xx_hal_i2c.o
 *fill*         0x08009a12        0x2 
 .text.HAL_PWREx_EnableOverDrive
                0x08009a14       0xa0 ./Drivers/STM32F4xx_HAL_Driver/Src/stm32f4xx_hal_pwr_ex.o
                0x08009a14                HAL_PWREx_EnableOverDrive
 .text.HAL_RCC_ClockConfig
                0x08009ab4      0x1cc ./Drivers/STM32F4xx_HAL_Driver/Src/stm32f4xx_hal_rcc.o
                0x08009ab4                HAL_RCC_ClockConfig
 .text.HAL_RCC_GetHCLKFreq
                0x08009c80       0x18 ./Drivers/STM32F4xx_HAL_Driver/Src/stm32f4xx_hal_rcc.o
                0x08009c80                HAL_RCC_GetHCLKFreq
 .text.HAL_RCC_GetPCLK1Freq
                0x08009c98       0x28 ./Drivers/STM32F4xx_HAL_Driver/Src/stm32f4xx_hal_rcc.o
                0x08009c98                HAL_RCC_GetPCLK1Freq
 .text.HAL_RCC_GetPCLK2Freq
                0x08009cc0       0x28 ./Drivers/STM32F4xx_HAL_Driver/Src/stm32f4xx_hal_rcc.o
                0x08009cc0                HAL_RCC_GetPCLK2Freq
 .text.HAL_RCC_GetSysClockFreq
                0x08009ce8      0x460 ./Drivers/STM32F4xx_HAL_Driver/Src/stm32f4xx_hal_rcc_ex.o
                0x08009ce8                HAL_RCC_GetSysClockFreq
 .text.HAL_RCC_OscConfig
                0x0800a148      0x53c ./Drivers/STM32F4xx_HAL_Driver/Src/stm32f4xx_hal_rcc_ex.o
                0x0800a148                HAL_RCC_OscConfig
 .text.HAL_SPI_Init
                0x0800a684      0x112 ./Drivers/STM32F4xx_HAL_Driver/Src/stm32f4xx_hal_spi.o
                0x0800a684                HAL_SPI_Init
 *fill*         0x0800a796        0x2 
 .text.HAL_SPI_IRQHandler
                0x0800a798      0x200 ./Drivers/STM32F4xx_HAL_Driver/Src/stm32f4xx_hal_spi.o
                0x0800a798                HAL_SPI_IRQHandler
 .text.HAL_SPI_ErrorCallback
                0x0800a998       0x14 ./Drivers/STM32F4xx_HAL_Driver/Src/stm32f4xx_hal_spi.o
                0x0800a998                HAL_SPI_ErrorCallback
 .text.SPI_DMAAbortOnError
                0x0800a9ac       0x28 ./Drivers/STM32F4xx_HAL_Driver/Src/stm32f4xx_hal_spi.o
 .text.HAL_TIM_PWM_Init
                0x0800a9d4       0x9e ./Drivers/STM32F4xx_HAL_Driver/Src/stm32f4xx_hal_tim.o
                0x0800a9d4                HAL_TIM_PWM_Init
 *fill*         0x0800aa72        0x2 
 .text.HAL_TIM_PWM_Start
                0x0800aa74      0x190 ./Drivers/STM32F4xx_HAL_Driver/Src/stm32f4xx_hal_tim.o
                0x0800aa74                HAL_TIM_PWM_Start
 .text.HAL_TIM_IC_Init
                0x0800ac04       0x9e ./Drivers/STM32F4xx_HAL_Driver/Src/stm32f4xx_hal_tim.o
                0x0800ac04                HAL_TIM_IC_Init
 *fill*         0x0800aca2        0x2 
 .text.HAL_TIM_IC_Start_IT
                0x0800aca4      0x250 ./Drivers/STM32F4xx_HAL_Driver/Src/stm32f4xx_hal_tim.o
                0x0800aca4                HAL_TIM_IC_Start_IT
 .text.HAL_TIM_IRQHandler
                0x0800aef4      0x1e0 ./Drivers/STM32F4xx_HAL_Driver/Src/stm32f4xx_hal_tim.o
                0x0800aef4                HAL_TIM_IRQHandler
 .text.HAL_TIM_IC_ConfigChannel
                0x0800b0d4      0x138 ./Drivers/STM32F4xx_HAL_Driver/Src/stm32f4xx_hal_tim.o
                0x0800b0d4                HAL_TIM_IC_ConfigChannel
 .text.HAL_TIM_PWM_ConfigChannel
                0x0800b20c      0x184 ./Drivers/STM32F4xx_HAL_Driver/Src/stm32f4xx_hal_tim.o
                0x0800b20c                HAL_TIM_PWM_ConfigChannel
 .text.HAL_TIM_ReadCapturedValue
                0x0800b390       0x88 ./Drivers/STM32F4xx_HAL_Driver/Src/stm32f4xx_hal_tim.o
                0x0800b390                HAL_TIM_ReadCapturedValue
 .text.HAL_TIM_PeriodElapsedCallback
                0x0800b418       0x14 ./Drivers/STM32F4xx_HAL_Driver/Src/stm32f4xx_hal_tim.o
                0x0800b418                HAL_TIM_PeriodElapsedCallback
 .text.HAL_TIM_OC_DelayElapsedCallback
                0x0800b42c       0x14 ./Drivers/STM32F4xx_HAL_Driver/Src/stm32f4xx_hal_tim.o
                0x0800b42c                HAL_TIM_OC_DelayElapsedCallback
 .text.HAL_TIM_PWM_PulseFinishedCallback
                0x0800b440       0x14 ./Drivers/STM32F4xx_HAL_Driver/Src/stm32f4xx_hal_tim.o
                0x0800b440                HAL_TIM_PWM_PulseFinishedCallback
 .text.HAL_TIM_TriggerCallback
                0x0800b454       0x14 ./Drivers/STM32F4xx_HAL_Driver/Src/stm32f4xx_hal_tim.o
                0x0800b454                HAL_TIM_TriggerCallback
 .text.TIM_Base_SetConfig
                0x0800b468      0x14c ./Drivers/STM32F4xx_HAL_Driver/Src/stm32f4xx_hal_tim.o
                0x0800b468                TIM_Base_SetConfig
 .text.TIM_OC1_SetConfig
                0x0800b5b4       0xe0 ./Drivers/STM32F4xx_HAL_Driver/Src/stm32f4xx_hal_tim.o
 .text.TIM_OC2_SetConfig
                0x0800b694       0xec ./Drivers/STM32F4xx_HAL_Driver/Src/stm32f4xx_hal_tim.o
                0x0800b694                TIM_OC2_SetConfig
 .text.TIM_OC3_SetConfig
                0x0800b780       0xe8 ./Drivers/STM32F4xx_HAL_Driver/Src/stm32f4xx_hal_tim.o
 .text.TIM_OC4_SetConfig
                0x0800b868       0xac ./Drivers/STM32F4xx_HAL_Driver/Src/stm32f4xx_hal_tim.o
 .text.TIM_TI1_SetConfig
                0x0800b914       0xe8 ./Drivers/STM32F4xx_HAL_Driver/Src/stm32f4xx_hal_tim.o
                0x0800b914                TIM_TI1_SetConfig
 .text.TIM_TI2_SetConfig
                0x0800b9fc       0x7a ./Drivers/STM32F4xx_HAL_Driver/Src/stm32f4xx_hal_tim.o
 .text.TIM_TI3_SetConfig
                0x0800ba76       0x78 ./Drivers/STM32F4xx_HAL_Driver/Src/stm32f4xx_hal_tim.o
 .text.TIM_TI4_SetConfig
                0x0800baee       0x7a ./Drivers/STM32F4xx_HAL_Driver/Src/stm32f4xx_hal_tim.o
 .text.TIM_CCxChannelCmd
                0x0800bb68       0x4a ./Drivers/STM32F4xx_HAL_Driver/Src/stm32f4xx_hal_tim.o
                0x0800bb68                TIM_CCxChannelCmd
 *fill*         0x0800bbb2        0x2 
 .text.HAL_TIMEx_MasterConfigSynchronization
                0x0800bbb4       0xf8 ./Drivers/STM32F4xx_HAL_Driver/Src/stm32f4xx_hal_tim_ex.o
                0x0800bbb4                HAL_TIMEx_MasterConfigSynchronization
 .text.HAL_TIMEx_ConfigBreakDeadTime
                0x0800bcac       0xa4 ./Drivers/STM32F4xx_HAL_Driver/Src/stm32f4xx_hal_tim_ex.o
                0x0800bcac                HAL_TIMEx_ConfigBreakDeadTime
 .text.HAL_TIMEx_CommutCallback
                0x0800bd50       0x14 ./Drivers/STM32F4xx_HAL_Driver/Src/stm32f4xx_hal_tim_ex.o
                0x0800bd50                HAL_TIMEx_CommutCallback
 .text.HAL_TIMEx_BreakCallback
                0x0800bd64       0x14 ./Drivers/STM32F4xx_HAL_Driver/Src/stm32f4xx_hal_tim_ex.o
                0x0800bd64                HAL_TIMEx_BreakCallback
 .text.HAL_UART_Init
                0x0800bd78       0xa0 ./Drivers/STM32F4xx_HAL_Driver/Src/stm32f4xx_hal_uart.o
                0x0800bd78                HAL_UART_Init
 .text.HAL_UART_Transmit
                0x0800be18      0x116 ./Drivers/STM32F4xx_HAL_Driver/Src/stm32f4xx_hal_uart.o
                0x0800be18                HAL_UART_Transmit
 .text.HAL_UART_Receive
                0x0800bf2e      0x12e ./Drivers/STM32F4xx_HAL_Driver/Src/stm32f4xx_hal_uart.o
                0x0800bf2e                HAL_UART_Receive
 .text.HAL_UART_Receive_DMA
                0x0800c05c       0x4a ./Drivers/STM32F4xx_HAL_Driver/Src/stm32f4xx_hal_uart.o
                0x0800c05c                HAL_UART_Receive_DMA
 .text.HAL_UART_DMAStop
                0x0800c0a6       0xfe ./Drivers/STM32F4xx_HAL_Driver/Src/stm32f4xx_hal_uart.o
                0x0800c0a6                HAL_UART_DMAStop
 .text.HAL_UART_IRQHandler
                0x0800c1a4      0x554 ./Drivers/STM32F4xx_HAL_Driver/Src/stm32f4xx_hal_uart.o
                0x0800c1a4                HAL_UART_IRQHandler
 .text.HAL_UART_TxCpltCallback
                0x0800c6f8       0x14 ./Drivers/STM32F4xx_HAL_Driver/Src/stm32f4xx_hal_uart.o
                0x0800c6f8                HAL_UART_TxCpltCallback
 .text.HAL_UART_RxCpltCallback
                0x0800c70c       0x14 ./Drivers/STM32F4xx_HAL_Driver/Src/stm32f4xx_hal_uart.o
                0x0800c70c                HAL_UART_RxCpltCallback
 .text.HAL_UART_RxHalfCpltCallback
                0x0800c720       0x14 ./Drivers/STM32F4xx_HAL_Driver/Src/stm32f4xx_hal_uart.o
                0x0800c720                HAL_UART_RxHalfCpltCallback
 .text.HAL_UART_ErrorCallback
                0x0800c734       0x14 ./Drivers/STM32F4xx_HAL_Driver/Src/stm32f4xx_hal_uart.o
                0x0800c734                HAL_UART_ErrorCallback
 .text.HAL_UARTEx_RxEventCallback
                0x0800c748       0x18 ./Drivers/STM32F4xx_HAL_Driver/Src/stm32f4xx_hal_uart.o
                0x0800c748                HAL_UARTEx_RxEventCallback
 .text.UART_DMAReceiveCplt
                0x0800c760      0x12c ./Drivers/STM32F4xx_HAL_Driver/Src/stm32f4xx_hal_uart.o
 .text.UART_DMARxHalfCplt
                0x0800c88c       0x3c ./Drivers/STM32F4xx_HAL_Driver/Src/stm32f4xx_hal_uart.o
 .text.UART_DMAError
                0x0800c8c8       0x94 ./Drivers/STM32F4xx_HAL_Driver/Src/stm32f4xx_hal_uart.o
 .text.UART_WaitOnFlagUntilTimeout
                0x0800c95c       0xb2 ./Drivers/STM32F4xx_HAL_Driver/Src/stm32f4xx_hal_uart.o
 *fill*         0x0800ca0e        0x2 
 .text.UART_Start_Receive_DMA
                0x0800ca10      0x14c ./Drivers/STM32F4xx_HAL_Driver/Src/stm32f4xx_hal_uart.o
                0x0800ca10                UART_Start_Receive_DMA
 .text.UART_EndTxTransfer
                0x0800cb5c       0x50 ./Drivers/STM32F4xx_HAL_Driver/Src/stm32f4xx_hal_uart.o
 .text.UART_EndRxTransfer
                0x0800cbac       0xc6 ./Drivers/STM32F4xx_HAL_Driver/Src/stm32f4xx_hal_uart.o
 .text.UART_DMAAbortOnError
                0x0800cc72       0x22 ./Drivers/STM32F4xx_HAL_Driver/Src/stm32f4xx_hal_uart.o
 .text.UART_Transmit_IT
                0x0800cc94       0xa0 ./Drivers/STM32F4xx_HAL_Driver/Src/stm32f4xx_hal_uart.o
 .text.UART_EndTransmit_IT
                0x0800cd34       0x30 ./Drivers/STM32F4xx_HAL_Driver/Src/stm32f4xx_hal_uart.o
 .text.UART_Receive_IT
                0x0800cd64      0x17c ./Drivers/STM32F4xx_HAL_Driver/Src/stm32f4xx_hal_uart.o
 .text.UART_SetConfig
                0x0800cee0      0x4e8 ./Drivers/STM32F4xx_HAL_Driver/Src/stm32f4xx_hal_uart.o
 .text.MX_FATFS_Init
                0x0800d3c8       0x24 ./FATFS/App/fatfs.o
                0x0800d3c8                MX_FATFS_Init
 .text.get_fattime
                0x0800d3ec       0x10 ./FATFS/App/fatfs.o
                0x0800d3ec                get_fattime
 .text.USER_initialize
                0x0800d3fc       0x28 ./FATFS/Target/user_diskio.o
                0x0800d3fc                USER_initialize
 .text.USER_status
                0x0800d424       0x28 ./FATFS/Target/user_diskio.o
                0x0800d424                USER_status
 .text.USER_read
                0x0800d44c       0x1e ./FATFS/Target/user_diskio.o
                0x0800d44c                USER_read
 .text.USER_write
                0x0800d46a       0x1e ./FATFS/Target/user_diskio.o
                0x0800d46a                USER_write
 .text.USER_ioctl
                0x0800d488       0x22 ./FATFS/Target/user_diskio.o
                0x0800d488                USER_ioctl
 *fill*         0x0800d4aa        0x2 
 .text.disk_status
                0x0800d4ac       0x34 ./Middlewares/Third_Party/FatFs/src/diskio.o
                0x0800d4ac                disk_status
 .text.disk_initialize
                0x0800d4e0       0x50 ./Middlewares/Third_Party/FatFs/src/diskio.o
                0x0800d4e0                disk_initialize
 .text.disk_read
                0x0800d530       0x40 ./Middlewares/Third_Party/FatFs/src/diskio.o
                0x0800d530                disk_read
 .text.disk_write
                0x0800d570       0x40 ./Middlewares/Third_Party/FatFs/src/diskio.o
                0x0800d570                disk_write
 .text.disk_ioctl
                0x0800d5b0       0x3c ./Middlewares/Third_Party/FatFs/src/diskio.o
                0x0800d5b0                disk_ioctl
 .text.ld_word  0x0800d5ec       0x32 ./Middlewares/Third_Party/FatFs/src/ff.o
 .text.ld_dword
                0x0800d61e       0x46 ./Middlewares/Third_Party/FatFs/src/ff.o
 .text.st_word  0x0800d664       0x36 ./Middlewares/Third_Party/FatFs/src/ff.o
 .text.st_dword
                0x0800d69a       0x58 ./Middlewares/Third_Party/FatFs/src/ff.o
 .text.mem_cpy  0x0800d6f2       0x42 ./Middlewares/Third_Party/FatFs/src/ff.o
 .text.mem_set  0x0800d734       0x36 ./Middlewares/Third_Party/FatFs/src/ff.o
 .text.mem_cmp  0x0800d76a       0x4e ./Middlewares/Third_Party/FatFs/src/ff.o
 .text.chk_chr  0x0800d7b8       0x36 ./Middlewares/Third_Party/FatFs/src/ff.o
 .text.lock_fs  0x0800d7ee       0x2c ./Middlewares/Third_Party/FatFs/src/ff.o
 .text.unlock_fs
                0x0800d81a       0x36 ./Middlewares/Third_Party/FatFs/src/ff.o
 .text.chk_lock
                0x0800d850       0xb8 ./Middlewares/Third_Party/FatFs/src/ff.o
 .text.enq_lock
                0x0800d908       0x44 ./Middlewares/Third_Party/FatFs/src/ff.o
 .text.inc_lock
                0x0800d94c      0x11c ./Middlewares/Third_Party/FatFs/src/ff.o
 .text.dec_lock
                0x0800da68       0x78 ./Middlewares/Third_Party/FatFs/src/ff.o
 .text.clear_lock
                0x0800dae0       0x48 ./Middlewares/Third_Party/FatFs/src/ff.o
 .text.sync_window
                0x0800db28       0x88 ./Middlewares/Third_Party/FatFs/src/ff.o
 .text.move_window
                0x0800dbb0       0x5a ./Middlewares/Third_Party/FatFs/src/ff.o
 *fill*         0x0800dc0a        0x2 
 .text.sync_fs  0x0800dc0c       0xdc ./Middlewares/Third_Party/FatFs/src/ff.o
 .text.clust2sect
                0x0800dce8       0x3e ./Middlewares/Third_Party/FatFs/src/ff.o
 .text.get_fat  0x0800dd26      0x14e ./Middlewares/Third_Party/FatFs/src/ff.o
 .text.put_fat  0x0800de74      0x1d4 ./Middlewares/Third_Party/FatFs/src/ff.o
 .text.remove_chain
                0x0800e048       0xca ./Middlewares/Third_Party/FatFs/src/ff.o
 .text.create_chain
                0x0800e112      0x130 ./Middlewares/Third_Party/FatFs/src/ff.o
 .text.dir_sdi  0x0800e242       0xf6 ./Middlewares/Third_Party/FatFs/src/ff.o
 .text.dir_next
                0x0800e338      0x18a ./Middlewares/Third_Party/FatFs/src/ff.o
 .text.dir_alloc
                0x0800e4c2       0x8e ./Middlewares/Third_Party/FatFs/src/ff.o
 .text.ld_clust
                0x0800e550       0x3e ./Middlewares/Third_Party/FatFs/src/ff.o
 .text.st_clust
                0x0800e58e       0x40 ./Middlewares/Third_Party/FatFs/src/ff.o
 *fill*         0x0800e5ce        0x2 
 .text.cmp_lfn  0x0800e5d0       0xe0 ./Middlewares/Third_Party/FatFs/src/ff.o
 .text.put_lfn  0x0800e6b0       0xd0 ./Middlewares/Third_Party/FatFs/src/ff.o
 .text.gen_numname
                0x0800e780      0x11c ./Middlewares/Third_Party/FatFs/src/ff.o
 .text.sum_sfn  0x0800e89c       0x42 ./Middlewares/Third_Party/FatFs/src/ff.o
 .text.dir_find
                0x0800e8de      0x180 ./Middlewares/Third_Party/FatFs/src/ff.o
 *fill*         0x0800ea5e        0x2 
 .text.dir_register
                0x0800ea60      0x1f0 ./Middlewares/Third_Party/FatFs/src/ff.o
 .text.create_name
                0x0800ec50      0x370 ./Middlewares/Third_Party/FatFs/src/ff.o
 .text.follow_path
                0x0800efc0       0xe2 ./Middlewares/Third_Party/FatFs/src/ff.o
 .text.get_ldnumber
                0x0800f0a2       0x88 ./Middlewares/Third_Party/FatFs/src/ff.o
 *fill*         0x0800f12a        0x2 
 .text.check_fs
                0x0800f12c       0xac ./Middlewares/Third_Party/FatFs/src/ff.o
 .text.find_volume
                0x0800f1d8      0x4a8 ./Middlewares/Third_Party/FatFs/src/ff.o
 .text.validate
                0x0800f680       0x8e ./Middlewares/Third_Party/FatFs/src/ff.o
 *fill*         0x0800f70e        0x2 
 .text.f_mount  0x0800f710       0xc8 ./Middlewares/Third_Party/FatFs/src/ff.o
                0x0800f710                f_mount
 .text.f_open   0x0800f7d8      0x3a6 ./Middlewares/Third_Party/FatFs/src/ff.o
                0x0800f7d8                f_open
 .text.f_write  0x0800fb7e      0x330 ./Middlewares/Third_Party/FatFs/src/ff.o
                0x0800fb7e                f_write
 .text.f_sync   0x0800feae      0x112 ./Middlewares/Third_Party/FatFs/src/ff.o
                0x0800feae                f_sync
 .text.f_close  0x0800ffc0       0x5e ./Middlewares/Third_Party/FatFs/src/ff.o
                0x0800ffc0                f_close
 .text.putc_bfd
                0x0801001e       0x7a ./Middlewares/Third_Party/FatFs/src/ff.o
 .text.putc_flush
                0x08010098       0x4a ./Middlewares/Third_Party/FatFs/src/ff.o
 .text.putc_init
                0x080100e2       0x2a ./Middlewares/Third_Party/FatFs/src/ff.o
 .text.f_puts   0x0801010c       0x48 ./Middlewares/Third_Party/FatFs/src/ff.o
                0x0801010c                f_puts
 .text.FATFS_LinkDriverEx
                0x08010154       0x98 ./Middlewares/Third_Party/FatFs/src/ff_gen_drv.o
                0x08010154                FATFS_LinkDriverEx
 .text.FATFS_LinkDriver
                0x080101ec       0x1e ./Middlewares/Third_Party/FatFs/src/ff_gen_drv.o
                0x080101ec                FATFS_LinkDriver
 *fill*         0x0801020a        0x2 
 .text.ff_convert
                0x0801020c       0x78 ./Middlewares/Third_Party/FatFs/src/option/ccsbcs.o
                0x0801020c                ff_convert
 .text.ff_wtoupper
                0x08010284      0x114 ./Middlewares/Third_Party/FatFs/src/option/ccsbcs.o
                0x08010284                ff_wtoupper
 .text.ff_cre_syncobj
                0x08010398       0x36 ./Middlewares/Third_Party/FatFs/src/option/syscall.o
                0x08010398                ff_cre_syncobj
 .text.ff_del_syncobj
                0x080103ce       0x18 ./Middlewares/Third_Party/FatFs/src/option/syscall.o
                0x080103ce                ff_del_syncobj
 .text.ff_req_grant
                0x080103e6       0x2a ./Middlewares/Third_Party/FatFs/src/option/syscall.o
                0x080103e6                ff_req_grant
 .text.ff_rel_grant
                0x08010410       0x16 ./Middlewares/Third_Party/FatFs/src/option/syscall.o
                0x08010410                ff_rel_grant
 .text.ff_memalloc
                0x08010426       0x18 ./Middlewares/Third_Party/FatFs/src/option/syscall.o
                0x08010426                ff_memalloc
 .text.ff_memfree
                0x0801043e       0x16 ./Middlewares/Third_Party/FatFs/src/option/syscall.o
                0x0801043e                ff_memfree
 .text.__NVIC_SetPriority
                0x08010454       0x54 ./Middlewares/Third_Party/FreeRTOS/Source/CMSIS_RTOS_V2/cmsis_os2.o
 .text.SVC_Setup
                0x080104a8       0x12 ./Middlewares/Third_Party/FreeRTOS/Source/CMSIS_RTOS_V2/cmsis_os2.o
 *fill*         0x080104ba        0x2 
 .text.osKernelInitialize
                0x080104bc       0x48 ./Middlewares/Third_Party/FreeRTOS/Source/CMSIS_RTOS_V2/cmsis_os2.o
                0x080104bc                osKernelInitialize
 .text.osKernelStart
                0x08010504       0x4c ./Middlewares/Third_Party/FreeRTOS/Source/CMSIS_RTOS_V2/cmsis_os2.o
                0x08010504                osKernelStart
 .text.osThreadNew
                0x08010550      0x124 ./Middlewares/Third_Party/FreeRTOS/Source/CMSIS_RTOS_V2/cmsis_os2.o
                0x08010550                osThreadNew
 .text.osDelay  0x08010674       0x36 ./Middlewares/Third_Party/FreeRTOS/Source/CMSIS_RTOS_V2/cmsis_os2.o
                0x08010674                osDelay
 .text.osSemaphoreNew
                0x080106aa      0x112 ./Middlewares/Third_Party/FreeRTOS/Source/CMSIS_RTOS_V2/cmsis_os2.o
                0x080106aa                osSemaphoreNew
 .text.osSemaphoreAcquire
                0x080107bc       0xa4 ./Middlewares/Third_Party/FreeRTOS/Source/CMSIS_RTOS_V2/cmsis_os2.o
                0x080107bc                osSemaphoreAcquire
 .text.osSemaphoreRelease
                0x08010860       0x88 ./Middlewares/Third_Party/FreeRTOS/Source/CMSIS_RTOS_V2/cmsis_os2.o
                0x08010860                osSemaphoreRelease
 .text.osSemaphoreDelete
                0x080108e8       0x48 ./Middlewares/Third_Party/FreeRTOS/Source/CMSIS_RTOS_V2/cmsis_os2.o
                0x080108e8                osSemaphoreDelete
 .text.vApplicationGetIdleTaskMemory
                0x08010930       0x34 ./Middlewares/Third_Party/FreeRTOS/Source/CMSIS_RTOS_V2/cmsis_os2.o
                0x08010930                vApplicationGetIdleTaskMemory
 .text.vApplicationGetTimerTaskMemory
                0x08010964       0x34 ./Middlewares/Third_Party/FreeRTOS/Source/CMSIS_RTOS_V2/cmsis_os2.o
                0x08010964                vApplicationGetTimerTaskMemory
 .text.vListInitialise
                0x08010998       0x40 ./Middlewares/Third_Party/FreeRTOS/Source/list.o
                0x08010998                vListInitialise
 .text.vListInitialiseItem
                0x080109d8       0x1a ./Middlewares/Third_Party/FreeRTOS/Source/list.o
                0x080109d8                vListInitialiseItem
 .text.vListInsertEnd
                0x080109f2       0x48 ./Middlewares/Third_Party/FreeRTOS/Source/list.o
                0x080109f2                vListInsertEnd
 .text.vListInsert
                0x08010a3a       0x72 ./Middlewares/Third_Party/FreeRTOS/Source/list.o
                0x08010a3a                vListInsert
 .text.uxListRemove
                0x08010aac       0x54 ./Middlewares/Third_Party/FreeRTOS/Source/list.o
                0x08010aac                uxListRemove
 .text.xQueueGenericReset
                0x08010b00       0xd4 ./Middlewares/Third_Party/FreeRTOS/Source/queue.o
                0x08010b00                xQueueGenericReset
 .text.xQueueGenericCreateStatic
                0x08010bd4       0xfa ./Middlewares/Third_Party/FreeRTOS/Source/queue.o
                0x08010bd4                xQueueGenericCreateStatic
 .text.xQueueGenericCreate
                0x08010cce       0x76 ./Middlewares/Third_Party/FreeRTOS/Source/queue.o
                0x08010cce                xQueueGenericCreate
 .text.prvInitialiseNewQueue
                0x08010d44       0x46 ./Middlewares/Third_Party/FreeRTOS/Source/queue.o
 .text.prvInitialiseMutex
                0x08010d8a       0x34 ./Middlewares/Third_Party/FreeRTOS/Source/queue.o
 .text.xQueueCreateMutex
                0x08010dbe       0x30 ./Middlewares/Third_Party/FreeRTOS/Source/queue.o
                0x08010dbe                xQueueCreateMutex
 .text.xQueueCreateCountingSemaphoreStatic
                0x08010dee       0x72 ./Middlewares/Third_Party/FreeRTOS/Source/queue.o
                0x08010dee                xQueueCreateCountingSemaphoreStatic
 .text.xQueueCreateCountingSemaphore
                0x08010e60       0x6a ./Middlewares/Third_Party/FreeRTOS/Source/queue.o
                0x08010e60                xQueueCreateCountingSemaphore
 *fill*         0x08010eca        0x2 
 .text.xQueueGenericSend
                0x08010ecc      0x204 ./Middlewares/Third_Party/FreeRTOS/Source/queue.o
                0x08010ecc                xQueueGenericSend
 .text.xQueueGenericSendFromISR
                0x080110d0      0x13c ./Middlewares/Third_Party/FreeRTOS/Source/queue.o
                0x080110d0                xQueueGenericSendFromISR
 .text.xQueueGiveFromISR
                0x0801120c      0x120 ./Middlewares/Third_Party/FreeRTOS/Source/queue.o
                0x0801120c                xQueueGiveFromISR
 .text.xQueueReceive
                0x0801132c      0x1c4 ./Middlewares/Third_Party/FreeRTOS/Source/queue.o
                0x0801132c                xQueueReceive
 .text.xQueueSemaphoreTake
                0x080114f0      0x220 ./Middlewares/Third_Party/FreeRTOS/Source/queue.o
                0x080114f0                xQueueSemaphoreTake
 .text.xQueuePeek
                0x08011710      0x1c8 ./Middlewares/Third_Party/FreeRTOS/Source/queue.o
                0x08011710                xQueuePeek
 .text.xQueueReceiveFromISR
                0x080118d8      0x104 ./Middlewares/Third_Party/FreeRTOS/Source/queue.o
                0x080118d8                xQueueReceiveFromISR
 .text.vQueueDelete
                0x080119dc       0x48 ./Middlewares/Third_Party/FreeRTOS/Source/queue.o
                0x080119dc                vQueueDelete
 .text.prvGetDisinheritPriorityAfterTimeout
                0x08011a24       0x30 ./Middlewares/Third_Party/FreeRTOS/Source/queue.o
 .text.prvCopyDataToQueue
                0x08011a54       0xd4 ./Middlewares/Third_Party/FreeRTOS/Source/queue.o
 .text.prvCopyDataFromQueue
                0x08011b28       0x4c ./Middlewares/Third_Party/FreeRTOS/Source/queue.o
 .text.prvUnlockQueue
                0x08011b74       0xa4 ./Middlewares/Third_Party/FreeRTOS/Source/queue.o
 .text.prvIsQueueEmpty
                0x08011c18       0x2c ./Middlewares/Third_Party/FreeRTOS/Source/queue.o
 .text.prvIsQueueFull
                0x08011c44       0x30 ./Middlewares/Third_Party/FreeRTOS/Source/queue.o
 .text.vQueueAddToRegistry
                0x08011c74       0x54 ./Middlewares/Third_Party/FreeRTOS/Source/queue.o
                0x08011c74                vQueueAddToRegistry
 .text.vQueueUnregisterQueue
                0x08011cc8       0x54 ./Middlewares/Third_Party/FreeRTOS/Source/queue.o
                0x08011cc8                vQueueUnregisterQueue
 .text.vQueueWaitForMessageRestricted
                0x08011d1c       0x68 ./Middlewares/Third_Party/FreeRTOS/Source/queue.o
                0x08011d1c                vQueueWaitForMessageRestricted
 .text.xTaskCreateStatic
                0x08011d84       0xc0 ./Middlewares/Third_Party/FreeRTOS/Source/tasks.o
                0x08011d84                xTaskCreateStatic
 .text.xTaskCreate
                0x08011e44       0x8a ./Middlewares/Third_Party/FreeRTOS/Source/tasks.o
                0x08011e44                xTaskCreate
 .text.prvInitialiseNewTask
                0x08011ece      0x120 ./Middlewares/Third_Party/FreeRTOS/Source/tasks.o
 *fill*         0x08011fee        0x2 
 .text.prvAddNewTaskToReadyList
                0x08011ff0       0xe0 ./Middlewares/Third_Party/FreeRTOS/Source/tasks.o
 .text.vTaskDelete
                0x080120d0       0xe8 ./Middlewares/Third_Party/FreeRTOS/Source/tasks.o
                0x080120d0                vTaskDelete
 .text.vTaskDelay
                0x080121b8       0x6c ./Middlewares/Third_Party/FreeRTOS/Source/tasks.o
                0x080121b8                vTaskDelay
 .text.vTaskStartScheduler
                0x08012224       0xd0 ./Middlewares/Third_Party/FreeRTOS/Source/tasks.o
                0x08012224                vTaskStartScheduler
 .text.vTaskSuspendAll
                0x080122f4       0x1c ./Middlewares/Third_Party/FreeRTOS/Source/tasks.o
                0x080122f4                vTaskSuspendAll
 .text.xTaskResumeAll
                0x08012310      0x13c ./Middlewares/Third_Party/FreeRTOS/Source/tasks.o
                0x08012310                xTaskResumeAll
 .text.xTaskGetTickCount
                0x0801244c       0x20 ./Middlewares/Third_Party/FreeRTOS/Source/tasks.o
                0x0801244c                xTaskGetTickCount
 .text.xTaskIncrementTick
                0x0801246c      0x174 ./Middlewares/Third_Party/FreeRTOS/Source/tasks.o
                0x0801246c                xTaskIncrementTick
 .text.vTaskSwitchContext
                0x080125e0      0x108 ./Middlewares/Third_Party/FreeRTOS/Source/tasks.o
                0x080125e0                vTaskSwitchContext
 .text.vTaskPlaceOnEventList
                0x080126e8       0x4c ./Middlewares/Third_Party/FreeRTOS/Source/tasks.o
                0x080126e8                vTaskPlaceOnEventList
 .text.vTaskPlaceOnEventListRestricted
                0x08012734       0x58 ./Middlewares/Third_Party/FreeRTOS/Source/tasks.o
                0x08012734                vTaskPlaceOnEventListRestricted
 .text.xTaskRemoveFromEventList
                0x0801278c       0xc8 ./Middlewares/Third_Party/FreeRTOS/Source/tasks.o
                0x0801278c                xTaskRemoveFromEventList
 .text.vTaskInternalSetTimeOutState
                0x08012854       0x2c ./Middlewares/Third_Party/FreeRTOS/Source/tasks.o
                0x08012854                vTaskInternalSetTimeOutState
 .text.xTaskCheckForTimeOut
                0x08012880       0xc8 ./Middlewares/Third_Party/FreeRTOS/Source/tasks.o
                0x08012880                xTaskCheckForTimeOut
 .text.vTaskMissedYield
                0x08012948       0x18 ./Middlewares/Third_Party/FreeRTOS/Source/tasks.o
                0x08012948                vTaskMissedYield
 .text.prvIdleTask
                0x08012960       0x30 ./Middlewares/Third_Party/FreeRTOS/Source/tasks.o
 .text.prvInitialiseTaskLists
                0x08012990       0x80 ./Middlewares/Third_Party/FreeRTOS/Source/tasks.o
 .text.prvCheckTasksWaitingTermination
                0x08012a10       0x5c ./Middlewares/Third_Party/FreeRTOS/Source/tasks.o
 .text.prvDeleteTCB
                0x08012a6c       0x60 ./Middlewares/Third_Party/FreeRTOS/Source/tasks.o
 .text.prvResetNextTaskUnblockTime
                0x08012acc       0x40 ./Middlewares/Third_Party/FreeRTOS/Source/tasks.o
 .text.xTaskGetSchedulerState
                0x08012b0c       0x3c ./Middlewares/Third_Party/FreeRTOS/Source/tasks.o
                0x08012b0c                xTaskGetSchedulerState
 .text.xTaskPriorityInherit
                0x08012b48       0xd0 ./Middlewares/Third_Party/FreeRTOS/Source/tasks.o
                0x08012b48                xTaskPriorityInherit
 .text.xTaskPriorityDisinherit
                0x08012c18       0xe0 ./Middlewares/Third_Party/FreeRTOS/Source/tasks.o
                0x08012c18                xTaskPriorityDisinherit
 .text.vTaskPriorityDisinheritAfterTimeout
                0x08012cf8      0x108 ./Middlewares/Third_Party/FreeRTOS/Source/tasks.o
                0x08012cf8                vTaskPriorityDisinheritAfterTimeout
 .text.pvTaskIncrementMutexHeldCount
                0x08012e00       0x28 ./Middlewares/Third_Party/FreeRTOS/Source/tasks.o
                0x08012e00                pvTaskIncrementMutexHeldCount
 .text.prvAddCurrentTaskToDelayedList
                0x08012e28       0xa8 ./Middlewares/Third_Party/FreeRTOS/Source/tasks.o
 .text.xTimerCreateTimerTask
                0x08012ed0       0x94 ./Middlewares/Third_Party/FreeRTOS/Source/timers.o
                0x08012ed0                xTimerCreateTimerTask
 .text.xTimerGenericCommand
                0x08012f64       0x9c ./Middlewares/Third_Party/FreeRTOS/Source/timers.o
                0x08012f64                xTimerGenericCommand
 .text.prvProcessExpiredTimer
                0x08013000       0x9c ./Middlewares/Third_Party/FreeRTOS/Source/timers.o
 .text.prvTimerTask
                0x0801309c       0x26 ./Middlewares/Third_Party/FreeRTOS/Source/timers.o
 *fill*         0x080130c2        0x2 
 .text.prvProcessTimerOrBlockTask
                0x080130c4       0x9c ./Middlewares/Third_Party/FreeRTOS/Source/timers.o
 .text.prvGetNextExpireTime
                0x08013160       0x48 ./Middlewares/Third_Party/FreeRTOS/Source/timers.o
 .text.prvSampleTimeNow
                0x080131a8       0x40 ./Middlewares/Third_Party/FreeRTOS/Source/timers.o
 .text.prvInsertTimerInActiveList
                0x080131e8       0x84 ./Middlewares/Third_Party/FreeRTOS/Source/timers.o
 .text.prvProcessReceivedCommands
                0x0801326c      0x1cc ./Middlewares/Third_Party/FreeRTOS/Source/timers.o
 .text.prvSwitchTimerLists
                0x08013438       0xcc ./Middlewares/Third_Party/FreeRTOS/Source/timers.o
 .text.prvCheckForValidListAndQueue
                0x08013504       0x80 ./Middlewares/Third_Party/FreeRTOS/Source/timers.o
 .text.pxPortInitialiseStack
                0x08013584       0x68 ./Middlewares/Third_Party/FreeRTOS/Source/portable/GCC/ARM_CM4F/port.o
                0x08013584                pxPortInitialiseStack
 .text.prvTaskExitError
                0x080135ec       0x5c ./Middlewares/Third_Party/FreeRTOS/Source/portable/GCC/ARM_CM4F/port.o
 *fill*         0x08013648        0x8 
 .text.SVC_Handler
                0x08013650       0x28 ./Middlewares/Third_Party/FreeRTOS/Source/portable/GCC/ARM_CM4F/port.o
                0x08013650                SVC_Handler
 .text.prvPortStartFirstTask
                0x08013678       0x28 ./Middlewares/Third_Party/FreeRTOS/Source/portable/GCC/ARM_CM4F/port.o
 .text.xPortStartScheduler
                0x080136a0      0x148 ./Middlewares/Third_Party/FreeRTOS/Source/portable/GCC/ARM_CM4F/port.o
                0x080136a0                xPortStartScheduler
 .text.vPortEnterCritical
                0x080137e8       0x64 ./Middlewares/Third_Party/FreeRTOS/Source/portable/GCC/ARM_CM4F/port.o
                0x080137e8                vPortEnterCritical
 .text.vPortExitCritical
                0x0801384c       0x54 ./Middlewares/Third_Party/FreeRTOS/Source/portable/GCC/ARM_CM4F/port.o
                0x0801384c                vPortExitCritical
 .text.PendSV_Handler
                0x080138a0       0x68 ./Middlewares/Third_Party/FreeRTOS/Source/portable/GCC/ARM_CM4F/port.o
                0x080138a0                PendSV_Handler
 .text.xPortSysTickHandler
                0x08013908       0x44 ./Middlewares/Third_Party/FreeRTOS/Source/portable/GCC/ARM_CM4F/port.o
                0x08013908                xPortSysTickHandler
 .text.vPortSetupTimerInterrupt
                0x0801394c       0x48 ./Middlewares/Third_Party/FreeRTOS/Source/portable/GCC/ARM_CM4F/port.o
                0x0801394c                vPortSetupTimerInterrupt
 .text.vPortEnableVFP
                0x08013994       0x14 ./Middlewares/Third_Party/FreeRTOS/Source/portable/GCC/ARM_CM4F/port.o
 .text.vPortValidateInterruptPriority
                0x080139a8       0x84 ./Middlewares/Third_Party/FreeRTOS/Source/portable/GCC/ARM_CM4F/port.o
                0x080139a8                vPortValidateInterruptPriority
 .text.pvPortMalloc
                0x08013a2c      0x1a8 ./Middlewares/Third_Party/FreeRTOS/Source/portable/MemMang/heap_4.o
                0x08013a2c                pvPortMalloc
 .text.vPortFree
                0x08013bd4       0xc8 ./Middlewares/Third_Party/FreeRTOS/Source/portable/MemMang/heap_4.o
                0x08013bd4                vPortFree
 .text.xPortGetFreeHeapSize
                0x08013c9c       0x18 ./Middlewares/Third_Party/FreeRTOS/Source/portable/MemMang/heap_4.o
                0x08013c9c                xPortGetFreeHeapSize
 .text.prvHeapInit
                0x08013cb4       0xc4 ./Middlewares/Third_Party/FreeRTOS/Source/portable/MemMang/heap_4.o
 .text.prvInsertBlockIntoFreeList
                0x08013d78       0xb4 ./Middlewares/Third_Party/FreeRTOS/Source/portable/MemMang/heap_4.o
 .text.atoi     0x08013e2c        0x8 /home/ignotus/st/stm32cubeide_1.19.0/plugins/com.st.stm32cube.ide.mcu.externaltools.gnu-tools-for-stm32.13.3.rel1.linux64_1.0.0.202410170706/tools/bin/../lib/gcc/arm-none-eabi/13.3.1/../../../../arm-none-eabi/lib/thumb/v7e-m+fp/hard/libc_nano.a(libc_a-atoi.o)
                0x08013e2c                atoi
 .text.sulp     0x08013e34       0x3c /home/ignotus/st/stm32cubeide_1.19.0/plugins/com.st.stm32cube.ide.mcu.externaltools.gnu-tools-for-stm32.13.3.rel1.linux64_1.0.0.202410170706/tools/bin/../lib/gcc/arm-none-eabi/13.3.1/../../../../arm-none-eabi/lib/thumb/v7e-m+fp/hard/libc_nano.a(libc_a-strtod.o)
 .text._strtod_l
                0x08013e70      0xbc8 /home/ignotus/st/stm32cubeide_1.19.0/plugins/com.st.stm32cube.ide.mcu.externaltools.gnu-tools-for-stm32.13.3.rel1.linux64_1.0.0.202410170706/tools/bin/../lib/gcc/arm-none-eabi/13.3.1/../../../../arm-none-eabi/lib/thumb/v7e-m+fp/hard/libc_nano.a(libc_a-strtod.o)
                0x08013e70                _strtod_l
 .text.strtof   0x08014a38       0xc8 /home/ignotus/st/stm32cubeide_1.19.0/plugins/com.st.stm32cube.ide.mcu.externaltools.gnu-tools-for-stm32.13.3.rel1.linux64_1.0.0.202410170706/tools/bin/../lib/gcc/arm-none-eabi/13.3.1/../../../../arm-none-eabi/lib/thumb/v7e-m+fp/hard/libc_nano.a(libc_a-strtod.o)
                0x08014a38                strtof
 .text._strtol_l.isra.0
                0x08014b00       0xf4 /home/ignotus/st/stm32cubeide_1.19.0/plugins/com.st.stm32cube.ide.mcu.externaltools.gnu-tools-for-stm32.13.3.rel1.linux64_1.0.0.202410170706/tools/bin/../lib/gcc/arm-none-eabi/13.3.1/../../../../arm-none-eabi/lib/thumb/v7e-m+fp/hard/libc_nano.a(libc_a-strtol.o)
 .text._strtol_r
                0x08014bf4        0x4 /home/ignotus/st/stm32cubeide_1.19.0/plugins/com.st.stm32cube.ide.mcu.externaltools.gnu-tools-for-stm32.13.3.rel1.linux64_1.0.0.202410170706/tools/bin/../lib/gcc/arm-none-eabi/13.3.1/../../../../arm-none-eabi/lib/thumb/v7e-m+fp/hard/libc_nano.a(libc_a-strtol.o)
                0x08014bf4                _strtol_r
 .text.strtol   0x08014bf8       0x14 /home/ignotus/st/stm32cubeide_1.19.0/plugins/com.st.stm32cube.ide.mcu.externaltools.gnu-tools-for-stm32.13.3.rel1.linux64_1.0.0.202410170706/tools/bin/../lib/gcc/arm-none-eabi/13.3.1/../../../../arm-none-eabi/lib/thumb/v7e-m+fp/hard/libc_nano.a(libc_a-strtol.o)
                0x08014bf8                strtol
 .text.__cvt    0x08014c0c       0xca /home/ignotus/st/stm32cubeide_1.19.0/plugins/com.st.stm32cube.ide.mcu.externaltools.gnu-tools-for-stm32.13.3.rel1.linux64_1.0.0.202410170706/tools/bin/../lib/gcc/arm-none-eabi/13.3.1/../../../../arm-none-eabi/lib/thumb/v7e-m+fp/hard/libc_nano.a(libc_a-nano-vfprintf_float.o)
                0x08014c0c                __cvt
 .text.__exponent
                0x08014cd6       0x74 /home/ignotus/st/stm32cubeide_1.19.0/plugins/com.st.stm32cube.ide.mcu.externaltools.gnu-tools-for-stm32.13.3.rel1.linux64_1.0.0.202410170706/tools/bin/../lib/gcc/arm-none-eabi/13.3.1/../../../../arm-none-eabi/lib/thumb/v7e-m+fp/hard/libc_nano.a(libc_a-nano-vfprintf_float.o)
                0x08014cd6                __exponent
 *fill*         0x08014d4a        0x2 
 .text._printf_float
                0x08014d4c      0x454 /home/ignotus/st/stm32cubeide_1.19.0/plugins/com.st.stm32cube.ide.mcu.externaltools.gnu-tools-for-stm32.13.3.rel1.linux64_1.0.0.202410170706/tools/bin/../lib/gcc/arm-none-eabi/13.3.1/../../../../arm-none-eabi/lib/thumb/v7e-m+fp/hard/libc_nano.a(libc_a-nano-vfprintf_float.o)
                0x08014d4c                _printf_float
 .text._printf_common
                0x080151a0       0xda /home/ignotus/st/stm32cubeide_1.19.0/plugins/com.st.stm32cube.ide.mcu.externaltools.gnu-tools-for-stm32.13.3.rel1.linux64_1.0.0.202410170706/tools/bin/../lib/gcc/arm-none-eabi/13.3.1/../../../../arm-none-eabi/lib/thumb/v7e-m+fp/hard/libc_nano.a(libc_a-nano-vfprintf_i.o)
                0x080151a0                _printf_common
 *fill*         0x0801527a        0x2 
 .text._printf_i
                0x0801527c      0x23c /home/ignotus/st/stm32cubeide_1.19.0/plugins/com.st.stm32cube.ide.mcu.externaltools.gnu-tools-for-stm32.13.3.rel1.linux64_1.0.0.202410170706/tools/bin/../lib/gcc/arm-none-eabi/13.3.1/../../../../arm-none-eabi/lib/thumb/v7e-m+fp/hard/libc_nano.a(libc_a-nano-vfprintf_i.o)
                0x0801527c                _printf_i
 .text.std      0x080154b8       0x6c /home/ignotus/st/stm32cubeide_1.19.0/plugins/com.st.stm32cube.ide.mcu.externaltools.gnu-tools-for-stm32.13.3.rel1.linux64_1.0.0.202410170706/tools/bin/../lib/gcc/arm-none-eabi/13.3.1/../../../../arm-none-eabi/lib/thumb/v7e-m+fp/hard/libc_nano.a(libc_a-findfp.o)
 .text.stdio_exit_handler
                0x08015524       0x18 /home/ignotus/st/stm32cubeide_1.19.0/plugins/com.st.stm32cube.ide.mcu.externaltools.gnu-tools-for-stm32.13.3.rel1.linux64_1.0.0.202410170706/tools/bin/../lib/gcc/arm-none-eabi/13.3.1/../../../../arm-none-eabi/lib/thumb/v7e-m+fp/hard/libc_nano.a(libc_a-findfp.o)
 .text.cleanup_stdio
                0x0801553c       0x40 /home/ignotus/st/stm32cubeide_1.19.0/plugins/com.st.stm32cube.ide.mcu.externaltools.gnu-tools-for-stm32.13.3.rel1.linux64_1.0.0.202410170706/tools/bin/../lib/gcc/arm-none-eabi/13.3.1/../../../../arm-none-eabi/lib/thumb/v7e-m+fp/hard/libc_nano.a(libc_a-findfp.o)
 .text.global_stdio_init.part.0
                0x0801557c       0x3c /home/ignotus/st/stm32cubeide_1.19.0/plugins/com.st.stm32cube.ide.mcu.externaltools.gnu-tools-for-stm32.13.3.rel1.linux64_1.0.0.202410170706/tools/bin/../lib/gcc/arm-none-eabi/13.3.1/../../../../arm-none-eabi/lib/thumb/v7e-m+fp/hard/libc_nano.a(libc_a-findfp.o)
 .text.__sfp_lock_acquire
                0x080155b8        0xc /home/ignotus/st/stm32cubeide_1.19.0/plugins/com.st.stm32cube.ide.mcu.externaltools.gnu-tools-for-stm32.13.3.rel1.linux64_1.0.0.202410170706/tools/bin/../lib/gcc/arm-none-eabi/13.3.1/../../../../arm-none-eabi/lib/thumb/v7e-m+fp/hard/libc_nano.a(libc_a-findfp.o)
                0x080155b8                __sfp_lock_acquire
 .text.__sfp_lock_release
                0x080155c4        0xc /home/ignotus/st/stm32cubeide_1.19.0/plugins/com.st.stm32cube.ide.mcu.externaltools.gnu-tools-for-stm32.13.3.rel1.linux64_1.0.0.202410170706/tools/bin/../lib/gcc/arm-none-eabi/13.3.1/../../../../arm-none-eabi/lib/thumb/v7e-m+fp/hard/libc_nano.a(libc_a-findfp.o)
                0x080155c4                __sfp_lock_release
 .text.__sinit  0x080155d0       0x30 /home/ignotus/st/stm32cubeide_1.19.0/plugins/com.st.stm32cube.ide.mcu.externaltools.gnu-tools-for-stm32.13.3.rel1.linux64_1.0.0.202410170706/tools/bin/../lib/gcc/arm-none-eabi/13.3.1/../../../../arm-none-eabi/lib/thumb/v7e-m+fp/hard/libc_nano.a(libc_a-findfp.o)
                0x080155d0                __sinit
 .text._fwalk_sglue
                0x08015600       0x3c /home/ignotus/st/stm32cubeide_1.19.0/plugins/com.st.stm32cube.ide.mcu.externaltools.gnu-tools-for-stm32.13.3.rel1.linux64_1.0.0.202410170706/tools/bin/../lib/gcc/arm-none-eabi/13.3.1/../../../../arm-none-eabi/lib/thumb/v7e-m+fp/hard/libc_nano.a(libc_a-fwalk.o)
                0x08015600                _fwalk_sglue
 .text.snprintf
                0x0801563c       0x6c /home/ignotus/st/stm32cubeide_1.19.0/plugins/com.st.stm32cube.ide.mcu.externaltools.gnu-tools-for-stm32.13.3.rel1.linux64_1.0.0.202410170706/tools/bin/../lib/gcc/arm-none-eabi/13.3.1/../../../../arm-none-eabi/lib/thumb/v7e-m+fp/hard/libc_nano.a(libc_a-snprintf.o)
                0x0801563c                snprintf
                0x0801563c                sniprintf
 .text.sscanf   0x080156a8       0x58 /home/ignotus/st/stm32cubeide_1.19.0/plugins/com.st.stm32cube.ide.mcu.externaltools.gnu-tools-for-stm32.13.3.rel1.linux64_1.0.0.202410170706/tools/bin/../lib/gcc/arm-none-eabi/13.3.1/../../../../arm-none-eabi/lib/thumb/v7e-m+fp/hard/libc_nano.a(libc_a-sscanf.o)
                0x080156a8                sscanf
                0x080156a8                siscanf
 .text.__sread  0x08015700       0x22 /home/ignotus/st/stm32cubeide_1.19.0/plugins/com.st.stm32cube.ide.mcu.externaltools.gnu-tools-for-stm32.13.3.rel1.linux64_1.0.0.202410170706/tools/bin/../lib/gcc/arm-none-eabi/13.3.1/../../../../arm-none-eabi/lib/thumb/v7e-m+fp/hard/libc_nano.a(libc_a-stdio.o)
                0x08015700                __sread
 .text.__seofread
                0x08015722        0x4 /home/ignotus/st/stm32cubeide_1.19.0/plugins/com.st.stm32cube.ide.mcu.externaltools.gnu-tools-for-stm32.13.3.rel1.linux64_1.0.0.202410170706/tools/bin/../lib/gcc/arm-none-eabi/13.3.1/../../../../arm-none-eabi/lib/thumb/v7e-m+fp/hard/libc_nano.a(libc_a-stdio.o)
                0x08015722                __seofread
 .text.__swrite
                0x08015726       0x38 /home/ignotus/st/stm32cubeide_1.19.0/plugins/com.st.stm32cube.ide.mcu.externaltools.gnu-tools-for-stm32.13.3.rel1.linux64_1.0.0.202410170706/tools/bin/../lib/gcc/arm-none-eabi/13.3.1/../../../../arm-none-eabi/lib/thumb/v7e-m+fp/hard/libc_nano.a(libc_a-stdio.o)
                0x08015726                __swrite
 .text.__sseek  0x0801575e       0x24 /home/ignotus/st/stm32cubeide_1.19.0/plugins/com.st.stm32cube.ide.mcu.externaltools.gnu-tools-for-stm32.13.3.rel1.linux64_1.0.0.202410170706/tools/bin/../lib/gcc/arm-none-eabi/13.3.1/../../../../arm-none-eabi/lib/thumb/v7e-m+fp/hard/libc_nano.a(libc_a-stdio.o)
                0x0801575e                __sseek
 .text.__sclose
                0x08015782        0x8 /home/ignotus/st/stm32cubeide_1.19.0/plugins/com.st.stm32cube.ide.mcu.externaltools.gnu-tools-for-stm32.13.3.rel1.linux64_1.0.0.202410170706/tools/bin/../lib/gcc/arm-none-eabi/13.3.1/../../../../arm-none-eabi/lib/thumb/v7e-m+fp/hard/libc_nano.a(libc_a-stdio.o)
                0x08015782                __sclose
 .text._vsnprintf_r
                0x0801578a       0x5c /home/ignotus/st/stm32cubeide_1.19.0/plugins/com.st.stm32cube.ide.mcu.externaltools.gnu-tools-for-stm32.13.3.rel1.linux64_1.0.0.202410170706/tools/bin/../lib/gcc/arm-none-eabi/13.3.1/../../../../arm-none-eabi/lib/thumb/v7e-m+fp/hard/libc_nano.a(libc_a-vsnprintf.o)
                0x0801578a                _vsnprintf_r
                0x0801578a                _vsniprintf_r
 *fill*         0x080157e6        0x2 
 .text.vsnprintf
                0x080157e8       0x1c /home/ignotus/st/stm32cubeide_1.19.0/plugins/com.st.stm32cube.ide.mcu.externaltools.gnu-tools-for-stm32.13.3.rel1.linux64_1.0.0.202410170706/tools/bin/../lib/gcc/arm-none-eabi/13.3.1/../../../../arm-none-eabi/lib/thumb/v7e-m+fp/hard/libc_nano.a(libc_a-vsnprintf.o)
                0x080157e8                vsnprintf
                0x080157e8                vsniprintf
 .text.memset   0x08015804       0x10 /home/ignotus/st/stm32cubeide_1.19.0/plugins/com.st.stm32cube.ide.mcu.externaltools.gnu-tools-for-stm32.13.3.rel1.linux64_1.0.0.202410170706/tools/bin/../lib/gcc/arm-none-eabi/13.3.1/../../../../arm-none-eabi/lib/thumb/v7e-m+fp/hard/libc_nano.a(libc_a-memset.o)
                0x08015804                memset
 .text.strchr   0x08015814       0x1a /home/ignotus/st/stm32cubeide_1.19.0/plugins/com.st.stm32cube.ide.mcu.externaltools.gnu-tools-for-stm32.13.3.rel1.linux64_1.0.0.202410170706/tools/bin/../lib/gcc/arm-none-eabi/13.3.1/../../../../arm-none-eabi/lib/thumb/v7e-m+fp/hard/libc_nano.a(libc_a-strchr.o)
                0x08015814                strchr
 .text.strncmp  0x0801582e       0x24 /home/ignotus/st/stm32cubeide_1.19.0/plugins/com.st.stm32cube.ide.mcu.externaltools.gnu-tools-for-stm32.13.3.rel1.linux64_1.0.0.202410170706/tools/bin/../lib/gcc/arm-none-eabi/13.3.1/../../../../arm-none-eabi/lib/thumb/v7e-m+fp/hard/libc_nano.a(libc_a-strncmp.o)
                0x0801582e                strncmp
 *fill*         0x08015852        0x2 
 .text._localeconv_r
                0x08015854        0x8 /home/ignotus/st/stm32cubeide_1.19.0/plugins/com.st.stm32cube.ide.mcu.externaltools.gnu-tools-for-stm32.13.3.rel1.linux64_1.0.0.202410170706/tools/bin/../lib/gcc/arm-none-eabi/13.3.1/../../../../arm-none-eabi/lib/thumb/v7e-m+fp/hard/libc_nano.a(libc_a-localeconv.o)
                0x08015854                _localeconv_r
 .text._close_r
                0x0801585c       0x20 /home/ignotus/st/stm32cubeide_1.19.0/plugins/com.st.stm32cube.ide.mcu.externaltools.gnu-tools-for-stm32.13.3.rel1.linux64_1.0.0.202410170706/tools/bin/../lib/gcc/arm-none-eabi/13.3.1/../../../../arm-none-eabi/lib/thumb/v7e-m+fp/hard/libc_nano.a(libc_a-closer.o)
                0x0801585c                _close_r
 .text._lseek_r
                0x0801587c       0x24 /home/ignotus/st/stm32cubeide_1.19.0/plugins/com.st.stm32cube.ide.mcu.externaltools.gnu-tools-for-stm32.13.3.rel1.linux64_1.0.0.202410170706/tools/bin/../lib/gcc/arm-none-eabi/13.3.1/../../../../arm-none-eabi/lib/thumb/v7e-m+fp/hard/libc_nano.a(libc_a-lseekr.o)
                0x0801587c                _lseek_r
 .text._read_r  0x080158a0       0x24 /home/ignotus/st/stm32cubeide_1.19.0/plugins/com.st.stm32cube.ide.mcu.externaltools.gnu-tools-for-stm32.13.3.rel1.linux64_1.0.0.202410170706/tools/bin/../lib/gcc/arm-none-eabi/13.3.1/../../../../arm-none-eabi/lib/thumb/v7e-m+fp/hard/libc_nano.a(libc_a-readr.o)
                0x080158a0                _read_r
 .text._write_r
                0x080158c4       0x24 /home/ignotus/st/stm32cubeide_1.19.0/plugins/com.st.stm32cube.ide.mcu.externaltools.gnu-tools-for-stm32.13.3.rel1.linux64_1.0.0.202410170706/tools/bin/../lib/gcc/arm-none-eabi/13.3.1/../../../../arm-none-eabi/lib/thumb/v7e-m+fp/hard/libc_nano.a(libc_a-writer.o)
                0x080158c4                _write_r